Microchip MPLAB XC8 Compiler V2.10 ()

Linker command line:

-W-3 --edf=C:\Program Files (x86)\Microchip\xc8\v2.10\pic\dat\en_msgs.txt \
  -cs -h+dist/default/debug\Lab5_Master.debug.sym \
  --cmf=dist/default/debug\Lab5_Master.debug.cmf -z -Q16F887 \
  -oC:\Users\megaj\AppData\Local\Temp\scn8.2 --defsym=__MPLAB_BUILD=1 \
  -Mdist/default/debug/Lab5_Master.debug.map -E1 -ver=XC8 --acfsm=1493 \
  -ASTACK=0110h-016Fh -pstack=STACK -ACODE=00h-07FFhx4 -ASTRCODE=00h-01FFFh \
  -ASTRING=00h-0FFhx32 -ACONST=00h-0FFhx32 -AENTRY=00h-0FFhx32 \
  -ACOMMON=070h-07Fh -ABANK0=020h-06Fh -ABANK1=0A0h-0EFh \
  -ABANK2=0110h-016Fh -ABANK3=0190h-01EFh \
  -ARAM=020h-06Fh,0A0h-0EFh,0110h-016Fh,0190h-01EFh \
  -AABS1=020h-07Fh,0A0h-0EFh,0110h-016Fh,0190h-01EFh -ASFR0=00h-01Fh \
  -ASFR1=080h-09Fh -ASFR2=0100h-010Fh -ASFR3=0180h-018Fh \
  -preset_vec=00h,intentry,init,end_init -ppowerup=CODE -pcinit=CODE \
  -pfunctab=ENTRY -ACONFIG=02007h-02008h -pconfig=CONFIG -DCONFIG=2 \
  -AIDLOC=02000h-02003h -pidloc=IDLOC -DIDLOC=2 -AEEDATA=00h-0FFh/02100h \
  -peeprom_data=EEDATA -DEEDATA=2 -DCODE=2 -DSTRCODE=2 -DSTRING=2 -DCONST=2 \
  -DENTRY=2 -k C:\Users\megaj\AppData\Local\Temp\scn8.o \
  dist/default/debug\Lab5_Master.debug.o 

Object code version is 3.11

Machine type is 16F887



                Name                               Link     Load   Length Selector   Space Scale
C:\Users\megaj\AppData\Local\Temp\scn8.o
                end_init                              0        0        3        0       0
                config                             2007     2007        2     400E       0
dist/default/debug\Lab5_Master.debug.o
                cinit                               7F3      7F3        D      FE6       0
                text17                              505      505       66      A0A       0
                text16                              41B      41B       3C      836       0
                text15                              2E0      2E0        D      5C0       0
                text14                              2ED      2ED       16      5DA       0
                text13                              457      457       53      8AE       0
                text12                              335      335       24      66A       0
                text11                              303      303       17      606       0
                text10                              359      359       25      6B2       0
                text9                               5D2      5D2       7A      BA4       0
                text8                               2D0      2D0        8      5A0       0
                text7                               56B      56B       67      AD6       0
                text6                               4AA      4AA       5B      954       0
                text5                               3A3      3A3       28      746       0
                text4                               37E      37E       25      6FC       0
                text3                               3CB      3CB       28      796       0
                text2                               3F3      3F3       28      7E6       0
                text1                               31A      31A       1B      634       0
                maintext                            64C      64C      1A7      C98       0
                cstackBANK0                          3C       3C        9       20       1
                cstackCOMMON                         70       70        E       70       1
                clrtext                             2D8      2D8        8      5B0       0
                bssBANK0                             20       20       1C       20       1
                strings                               3        3       1B        6       0

TOTAL           Name                               Link     Load   Length     Space
        CLASS   STACK          

        CLASS   CODE           
                end_init                              0        0        3         0
                cinit                               7F3      7F3        D         0
                text17                              505      505       66         0
                text16                              41B      41B       3C         0
                text15                              2E0      2E0        D         0
                text14                              2ED      2ED       16         0
                text13                              457      457       53         0
                text12                              335      335       24         0
                text11                              303      303       17         0
                text10                              359      359       25         0
                text9                               5D2      5D2       7A         0
                text8                               2D0      2D0        8         0
                text7                               56B      56B       67         0
                text6                               4AA      4AA       5B         0
                text5                               3A3      3A3       28         0
                text4                               37E      37E       25         0
                text3                               3CB      3CB       28         0
                text2                               3F3      3F3       28         0
                text1                               31A      31A       1B         0
                maintext                            64C      64C      1A7         0
                clrtext                             2D8      2D8        8         0

        CLASS   STRCODE        

        CLASS   STRING         
                strings                               3        3       1B         0

        CLASS   CONST          

        CLASS   ENTRY          

        CLASS   COMMON         
                cstackCOMMON                         70       70        E         1

        CLASS   BANK0          
                cstackBANK0                          3C       3C        9         1
                bssBANK0                             20       20       1C         1

        CLASS   BANK1          

        CLASS   BANK2          

        CLASS   BANK3          

        CLASS   RAM            

        CLASS   ABS1           
                abs_s1                               7E       7E        2         1

        CLASS   SFR0           

        CLASS   SFR1           

        CLASS   SFR2           

        CLASS   SFR3           

        CLASS   CONFIG         
                config                             2007     2007        2         0

        CLASS   IDLOC          

        CLASS   EEDATA         



SEGMENTS        Name                           Load    Length   Top    Selector   Space  Class     Delta

                reset_vec                      000000  000003  000003         0       0  CODE        2
                strings                        000003  00001B  00001E         6       0  STRING      2
                bssBANK0                       000020  000025  000045        20       1  BANK0       1
                cstackCOMMON                   000070  00000E  00007E        70       1  COMMON      1
                text8                          0002D0  000008  0002D8       5A0       0  CODE        2
                clrtext                        0002D8  000008  0002E0       5B0       0  CODE        2
                text15                         0002E0  00000D  0002ED       5C0       0  CODE        2
                text14                         0002ED  000016  000303       5DA       0  CODE        2
                text11                         000303  000017  00031A       606       0  CODE        2
                text1                          00031A  00001B  000335       634       0  CODE        2
                text12                         000335  000024  000359       66A       0  CODE        2
                text10                         000359  000025  00037E       6B2       0  CODE        2
                text4                          00037E  000025  0003A3       6FC       0  CODE        2
                text5                          0003A3  000028  0003CB       746       0  CODE        2
                text3                          0003CB  000028  0003F3       796       0  CODE        2
                text2                          0003F3  000028  00041B       7E6       0  CODE        2
                text16                         00041B  00003C  000457       836       0  CODE        2
                text13                         000457  000053  0004AA       8AE       0  CODE        2
                text6                          0004AA  00005B  000505       954       0  CODE        2
                text17                         000505  000066  00056B       A0A       0  CODE        2
                text7                          00056B  000067  0005D2       AD6       0  CODE        2
                text9                          0005D2  00007A  00064C       BA4       0  CODE        2
                maintext                       00064C  0001A7  0007F3       C98       0  CODE        2
                cinit                          0007F3  00000D  000800       FE6       0  CODE        2
                config                         002007  000002  002009      400E       0  CONFIG      2


UNUSED ADDRESS RANGES

        Name                Unused          Largest block    Delta
        BANK0            0045-006F             2B           1
        BANK1            00A0-00EF             50           1
        BANK2            0110-016F             60           1
        BANK3            0190-01EF             60           1
        CODE             001E-02CF            2B2           2
                         0800-1FFF            800
        CONST            001E-02CF            100           2
                         0800-1FFF            100
        EEDATA           2100-21FF            100           2
        ENTRY            001E-02CF            100           2
                         0800-1FFF            100
        IDLOC            2000-2003              4           2
        RAM              0045-006F             2B           1
                         00A0-00EF             50
                         0110-016F             60
                         0190-01EF             60
        SFR0             0000-001F             20           1
        SFR1             0080-009F             20           1
        SFR2             0100-010F             10           1
        SFR3             0180-018F             10           1
        STACK            0110-016F             60           1
        STRCODE          001E-02CF            2B2           2
                         0800-1FFF           1800
        STRING           001E-02CF            100           2
                         0800-1FFF            100

                                  Symbol Table

?___awdiv                   cstackCOMMON 0070
?___awmod                   cstackCOMMON 0079
?___fltol                   cstackCOMMON 0070
?___lldiv                   cstackCOMMON 0070
?___wmul                    cstackCOMMON 0070
Init_I2C_Master@b           cstackBANK0  003C
LCD_CMD@a                   cstackCOMMON 0072
LCD_SET_CURSOR@a            cstackCOMMON 0075
LCD_SET_CURSOR@b            cstackCOMMON 0073
LCD_SET_CURSOR@temporal     cstackCOMMON 0076
LCD_WRITE_CHAR@a            cstackCOMMON 0072
LCD_WRITE_STRING@a          cstackCOMMON 0075
LCD_WRITE_STRING@i          cstackCOMMON 0073
_ANSEL                      (abs)        0188
_ANSELH                     (abs)        0189
_INTCONbits                 (abs)        000B
_Init_I2C_Master            text16       041B
_Init_Port                  text15       02E0
_LCD_CMD                    text14       02ED
_LCD_INIT                   text13       0457
_LCD_SET_CURSOR             text12       0335
_LCD_WRITE_CHAR             text11       0303
_LCD_WRITE_STRING           text10       0359
_PIE1bits                   (abs)        008C
_PIR1bits                   (abs)        000C
_PORTB                      (abs)        0006
_PORTD                      (abs)        0008
_PORTDbits                  (abs)        0008
_SSPADD                     (abs)        0093
_SSPBUF                     (abs)        0013
_SSPCON                     (abs)        0014
_SSPCON2                    (abs)        0091
_SSPCON2bits                (abs)        0091
_SSPCONbits                 (abs)        0014
_SSPSTAT                    (abs)        0094
_TRISB                      (abs)        0086
_TRISCbits                  (abs)        0087
_TRISD                      (abs)        0088
__CFG_BOR4V$BOR40V          (abs)        0000
__CFG_BOREN$OFF             (abs)        0000
__CFG_CP$OFF                (abs)        0000
__CFG_CPD$OFF               (abs)        0000
__CFG_FCMEN$OFF             (abs)        0000
__CFG_FOSC$INTRC_NOCLKOUT   (abs)        0000
__CFG_IESO$OFF              (abs)        0000
__CFG_LVP$OFF               (abs)        0000
__CFG_MCLRE$OFF             (abs)        0000
__CFG_PWRTE$OFF             (abs)        0000
__CFG_WDTE$OFF              (abs)        0000
__CFG_WRT$OFF               (abs)        0000
__Habs1                     abs1         0000
__Hbank0                    bank0        0000
__Hbank1                    bank1        0000
__Hbank2                    bank2        0000
__Hbank3                    bank3        0000
__HbssBANK0                 bssBANK0     0000
__Hcinit                    cinit        0800
__Hclrtext                  clrtext      0000
__Hcode                     code         0000
__Hcommon                   common       0000
__Hconfig                   config       2009
__HcstackBANK0              cstackBANK0  0000
__HcstackCOMMON             cstackCOMMON 0000
__Heeprom_data              eeprom_data  0000
__Hend_init                 end_init     0003
__Hfunctab                  functab      0000
__Hidloc                    idloc        0000
__Hinit                     init         0000
__Hintentry                 intentry     0000
__Hmaintext                 maintext     0000
__Hpowerup                  powerup      0000
__Hram                      ram          0000
__Hreset_vec                reset_vec    0000
__Hsfr0                     sfr0         0000
__Hsfr1                     sfr1         0000
__Hsfr2                     sfr2         0000
__Hsfr3                     sfr3         0000
__Hspace_0                  (abs)        2009
__Hspace_1                  (abs)        007E
__Hspace_2                  (abs)        0000
__Hspace_3                  (abs)        0000
__Hstack                    stack        0000
__Hstrings                  strings      0000
__Htext                     text         0000
__Labs1                     abs1         0000
__Lbank0                    bank0        0000
__Lbank1                    bank1        0000
__Lbank2                    bank2        0000
__Lbank3                    bank3        0000
__LbssBANK0                 bssBANK0     0000
__Lcinit                    cinit        07F3
__Lclrtext                  clrtext      0000
__Lcode                     code         0000
__Lcommon                   common       0000
__Lconfig                   config       2007
__LcstackBANK0              cstackBANK0  0000
__LcstackCOMMON             cstackCOMMON 0000
__Leeprom_data              eeprom_data  0000
__Lend_init                 end_init     0000
__Lfunctab                  functab      0000
__Lidloc                    idloc        0000
__Linit                     init         0000
__Lintentry                 intentry     0000
__Lmaintext                 maintext     0000
__Lpowerup                  powerup      0000
__Lram                      ram          0000
__Lreset_vec                reset_vec    0000
__Lsfr0                     sfr0         0000
__Lsfr1                     sfr1         0000
__Lsfr2                     sfr2         0000
__Lsfr3                     sfr3         0000
__Lspace_0                  (abs)        0000
__Lspace_1                  (abs)        0000
__Lspace_2                  (abs)        0000
__Lspace_3                  (abs)        0000
__Lstack                    stack        0000
__Lstrings                  strings      0000
__Ltext                     text         0000
__S0                        (abs)        2009
__S1                        (abs)        007E
__S2                        (abs)        0000
__S3                        (abs)        0000
___awdiv                    text7        056B
___awdiv@counter            cstackCOMMON 0075
___awdiv@dividend           cstackCOMMON 0072
___awdiv@divisor            cstackCOMMON 0070
___awdiv@quotient           cstackCOMMON 0077
___awdiv@sign               cstackCOMMON 0076
___awmod                    text6        04AA
___awmod@counter            cstackBANK0  003C
___awmod@dividend           cstackCOMMON 007B
___awmod@divisor            cstackCOMMON 0079
___awmod@sign               cstackBANK0  003D
___fltol                    text9        05D2
___fltol@exp1               cstackCOMMON 007A
___fltol@f1                 cstackCOMMON 0070
___fltol@sign1              cstackCOMMON 0079
___int_sp                   stack        0000
___latbits                  (abs)        0002
___lldiv                    text17       0505
___lldiv@counter            cstackCOMMON 007D
___lldiv@dividend           cstackCOMMON 0074
___lldiv@divisor            cstackCOMMON 0070
___lldiv@quotient           cstackCOMMON 0079
___sp                       stack        0000
___stackhi                  (abs)        0000
___stacklo                  (abs)        0000
___wmul                     text4        037E
___wmul@multiplicand        cstackCOMMON 0072
___wmul@multiplier          cstackCOMMON 0070
___wmul@product             cstackCOMMON 0074
__end_of_Init_I2C_Master    text16       0457
__end_of_Init_Port          text15       02ED
__end_of_LCD_CMD            text14       0303
__end_of_LCD_INIT           text13       04AA
__end_of_LCD_SET_CURSOR     text12       0359
__end_of_LCD_WRITE_CHAR     text11       031A
__end_of_LCD_WRITE_STRING   text10       037E
__end_of___awdiv            text7        05D2
__end_of___awmod            text6        0505
__end_of___fltol            text9        064C
__end_of___lldiv            text17       056B
__end_of___wmul             text4        03A3
__end_of__initialization    cinit        07FC
__end_of__stringtab         strings      0009
__end_of_convertir_a_ascii  text8        02D8
__end_of_main               maintext     07F3
__end_of_obtener_decenas    text5        03CB
__end_of_obtener_decimal_1  text3        03F3
__end_of_obtener_decimal_2  text2        041B
__end_of_obtener_unidades   text1        0335
__initialization            cinit        07F3
__pbssBANK0                 bssBANK0     0020
__pcstackBANK0              cstackBANK0  003C
__pcstackCOMMON             cstackCOMMON 0070
__pmaintext                 maintext     064C
__pstrings                  strings      0003
__ptext1                    text1        031A
__ptext10                   text10       0359
__ptext11                   text11       0303
__ptext12                   text12       0335
__ptext13                   text13       0457
__ptext14                   text14       02ED
__ptext15                   text15       02E0
__ptext16                   text16       041B
__ptext17                   text17       0505
__ptext2                    text2        03F3
__ptext3                    text3        03CB
__ptext4                    text4        037E
__ptext5                    text5        03A3
__ptext6                    text6        04AA
__ptext7                    text7        056B
__ptext8                    text8        02D0
__ptext9                    text9        05D2
__size_of_Init_I2C_Master   (abs)        0000
__size_of_Init_Port         (abs)        0000
__size_of_LCD_CMD           (abs)        0000
__size_of_LCD_INIT          (abs)        0000
__size_of_LCD_SET_CURSOR    (abs)        0000
__size_of_LCD_WRITE_CHAR    (abs)        0000
__size_of_LCD_WRITE_STRING  (abs)        0000
__size_of___awdiv           (abs)        0000
__size_of___awmod           (abs)        0000
__size_of___fltol           (abs)        0000
__size_of___lldiv           (abs)        0000
__size_of___wmul            (abs)        0000
__size_of_convertir_a_ascii (abs)        0000
__size_of_main              (abs)        0000
__size_of_obtener_decenas   (abs)        0000
__size_of_obtener_decimal_1 (abs)        0000
__size_of_obtener_decimal_2 (abs)        0000
__size_of_obtener_unidades  (abs)        0000
__stringbase                strings      0008
__stringtab                 strings      0003
_charcont1                  bssBANK0     0029
_charcont2                  bssBANK0     0028
_charfoto1                  bssBANK0     002F
_charfoto2                  bssBANK0     002D
_charfoto3                  bssBANK0     002B
_charpot1                   bssBANK0     002E
_charpot2                   bssBANK0     002C
_charpot3                   bssBANK0     002A
_convertir_a_ascii          text8        02D0
_dececont                   bssBANK0     0030
_deci1foto                  bssBANK0     0033
_deci1pot                   bssBANK0     0036
_deci2foto                  bssBANK0     0032
_deci2pot                   bssBANK0     0035
_fotof                      bssBANK0     0020
_main                       maintext     064C
_obtener_decenas            text5        03A3
_obtener_decimal_1          text3        03CB
_obtener_decimal_2          text2        03F3
_obtener_unidades           text1        031A
_potf                       bssBANK0     0024
_unicont                    bssBANK0     0031
_unifoto                    bssBANK0     0034
_unipot                     bssBANK0     0037
btemp                       (abs)        007E
clear_ram0                  clrtext      02D8
convertir_a_ascii@a         cstackCOMMON 0071
convertir_a_ascii@temporal  cstackCOMMON 0072
end_of_initialization       cinit        07FC
intlevel0                   functab      0000
intlevel1                   functab      0000
intlevel2                   functab      0000
intlevel3                   functab      0000
intlevel4                   functab      0000
intlevel5                   functab      0000
obtener_decenas@a           cstackBANK0  0042
obtener_decenas@temporal    cstackBANK0  0040
obtener_decimal_1@a         cstackBANK0  0042
obtener_decimal_1@temporal  cstackBANK0  0040
obtener_decimal_2@a         cstackBANK0  0042
obtener_decimal_2@temporal  cstackBANK0  0040
obtener_unidades@a          cstackBANK0  0042
obtener_unidades@temporal   cstackBANK0  0040
reset_vec                   reset_vec    0000
start                       init         0000
start_initialization        cinit        07F3
wtemp0                      (abs)        007E


FUNCTION INFORMATION:

 *************** function _main *****************
 Defined at:
		line 47 in file "Main_master.c"
 Parameters:    Size  Location     Type
		None
 Auto vars:     Size  Location     Type
		None
 Return value:  Size  Location     Type
                  1    wreg      void 
 Registers used:
		wreg, fsr0l, fsr0h, status,2, status,0, pclath, cstack
 Tracked objects:
		On entry : 
		On exit  : 
		Unchanged: 
 Data sizes:     COMMON   BANK0   BANK1   BANK3   BANK2
      Params:         0       0       0       0       0
      Locals:         0       0       0       0       0
      Temps:          0       1       0       0       0
      Totals:         0       1       0       0       0
Total ram usage:        1 bytes
 Hardware stack levels required when called:    2
 This function calls:
		_Init_I2C_Master
		_Init_Port
		_LCD_INIT
		_LCD_SET_CURSOR
		_LCD_WRITE_CHAR
		_LCD_WRITE_STRING
		___fltol
		_convertir_a_ascii
		_obtener_decenas
		_obtener_decimal_1
		_obtener_decimal_2
		_obtener_unidades
 This function is called by:
		Startup code after reset
 This function uses a non-reentrant model


 *************** function _obtener_unidades *****************
 Defined at:
		line 117 in file "Main_master.c"
 Parameters:    Size  Location     Type
  a               1    wreg     unsigned char 
 Auto vars:     Size  Location     Type
  a               1    6[BANK0 ] unsigned char 
  temporal        2    4[BANK0 ] int 
 Return value:  Size  Location     Type
                  1    wreg      unsigned char 
 Registers used:
		wreg, status,2, status,0, pclath, cstack
 Tracked objects:
		On entry : 
		On exit  : 
		Unchanged: 
 Data sizes:     COMMON   BANK0   BANK1   BANK3   BANK2
      Params:         0       0       0       0       0
      Locals:         0       3       0       0       0
      Temps:          0       2       0       0       0
      Totals:         0       5       0       0       0
Total ram usage:        5 bytes
 Hardware stack levels used:    1
 Hardware stack levels required when called:    1
 This function calls:
		___awmod
 This function is called by:
		_main
 This function uses a non-reentrant model


 *************** function _obtener_decimal_2 *****************
 Defined at:
		line 133 in file "Main_master.c"
 Parameters:    Size  Location     Type
  a               1    wreg     unsigned char 
 Auto vars:     Size  Location     Type
  a               1    6[BANK0 ] unsigned char 
  temporal        2    4[BANK0 ] int 
 Return value:  Size  Location     Type
                  1    wreg      unsigned char 
 Registers used:
		wreg, status,2, status,0, pclath, cstack
 Tracked objects:
		On entry : 
		On exit  : 
		Unchanged: 
 Data sizes:     COMMON   BANK0   BANK1   BANK3   BANK2
      Params:         0       0       0       0       0
      Locals:         0       3       0       0       0
      Temps:          0       2       0       0       0
      Totals:         0       5       0       0       0
Total ram usage:        5 bytes
 Hardware stack levels used:    1
 Hardware stack levels required when called:    1
 This function calls:
		___awmod
		___wmul
 This function is called by:
		_main
 This function uses a non-reentrant model


 *************** function _obtener_decimal_1 *****************
 Defined at:
		line 128 in file "Main_master.c"
 Parameters:    Size  Location     Type
  a               1    wreg     unsigned char 
 Auto vars:     Size  Location     Type
  a               1    6[BANK0 ] unsigned char 
  temporal        2    4[BANK0 ] int 
 Return value:  Size  Location     Type
                  1    wreg      unsigned char 
 Registers used:
		wreg, status,2, status,0, pclath, cstack
 Tracked objects:
		On entry : 
		On exit  : 
		Unchanged: 
 Data sizes:     COMMON   BANK0   BANK1   BANK3   BANK2
      Params:         0       0       0       0       0
      Locals:         0       3       0       0       0
      Temps:          0       2       0       0       0
      Totals:         0       5       0       0       0
Total ram usage:        5 bytes
 Hardware stack levels used:    1
 Hardware stack levels required when called:    1
 This function calls:
		___awmod
		___wmul
 This function is called by:
		_main
 This function uses a non-reentrant model


 *************** function ___wmul *****************
 Defined at:
		line 15 in file "C:\Program Files (x86)\Microchip\xc8\v2.10\pic\sources\c90\common\Umul16.c"
 Parameters:    Size  Location     Type
  multiplier      2    0[COMMON] unsigned int 
  multiplicand    2    2[COMMON] unsigned int 
 Auto vars:     Size  Location     Type
  product         2    4[COMMON] unsigned int 
 Return value:  Size  Location     Type
                  2    0[COMMON] unsigned int 
 Registers used:
		wreg, status,2, status,0
 Tracked objects:
		On entry : 
		On exit  : 
		Unchanged: 
 Data sizes:     COMMON   BANK0   BANK1   BANK3   BANK2
      Params:         4       0       0       0       0
      Locals:         2       0       0       0       0
      Temps:          0       0       0       0       0
      Totals:         6       0       0       0       0
Total ram usage:        6 bytes
 Hardware stack levels used:    1
 This function calls:
		Nothing
 This function is called by:
		_main
		_obtener_decimal_1
		_obtener_decimal_2
 This function uses a non-reentrant model


 *************** function _obtener_decenas *****************
 Defined at:
		line 122 in file "Main_master.c"
 Parameters:    Size  Location     Type
  a               1    wreg     unsigned char 
 Auto vars:     Size  Location     Type
  a               1    6[BANK0 ] unsigned char 
  temporal        2    4[BANK0 ] int 
 Return value:  Size  Location     Type
                  1    wreg      unsigned char 
 Registers used:
		wreg, status,2, status,0, pclath, cstack
 Tracked objects:
		On entry : 
		On exit  : 
		Unchanged: 
 Data sizes:     COMMON   BANK0   BANK1   BANK3   BANK2
      Params:         0       0       0       0       0
      Locals:         0       3       0       0       0
      Temps:          0       2       0       0       0
      Totals:         0       5       0       0       0
Total ram usage:        5 bytes
 Hardware stack levels used:    1
 Hardware stack levels required when called:    1
 This function calls:
		___awdiv
		___awmod
 This function is called by:
		_main
 This function uses a non-reentrant model


 *************** function ___awmod *****************
 Defined at:
		line 5 in file "C:\Program Files (x86)\Microchip\xc8\v2.10\pic\sources\c90\common\awmod.c"
 Parameters:    Size  Location     Type
  divisor         2    9[COMMON] int 
  dividend        2   11[COMMON] int 
 Auto vars:     Size  Location     Type
  sign            1    1[BANK0 ] unsigned char 
  counter         1    0[BANK0 ] unsigned char 
 Return value:  Size  Location     Type
                  2    9[COMMON] int 
 Registers used:
		wreg, status,2, status,0
 Tracked objects:
		On entry : 
		On exit  : 
		Unchanged: 
 Data sizes:     COMMON   BANK0   BANK1   BANK3   BANK2
      Params:         4       0       0       0       0
      Locals:         0       2       0       0       0
      Temps:          1       0       0       0       0
      Totals:         5       2       0       0       0
Total ram usage:        7 bytes
 Hardware stack levels used:    1
 This function calls:
		Nothing
 This function is called by:
		_obtener_unidades
		_obtener_decenas
		_obtener_decimal_1
		_obtener_decimal_2
 This function uses a non-reentrant model


 *************** function ___awdiv *****************
 Defined at:
		line 5 in file "C:\Program Files (x86)\Microchip\xc8\v2.10\pic\sources\c90\common\awdiv.c"
 Parameters:    Size  Location     Type
  divisor         2    0[COMMON] int 
  dividend        2    2[COMMON] int 
 Auto vars:     Size  Location     Type
  quotient        2    7[COMMON] int 
  sign            1    6[COMMON] unsigned char 
  counter         1    5[COMMON] unsigned char 
 Return value:  Size  Location     Type
                  2    0[COMMON] int 
 Registers used:
		wreg, status,2, status,0
 Tracked objects:
		On entry : 
		On exit  : 
		Unchanged: 
 Data sizes:     COMMON   BANK0   BANK1   BANK3   BANK2
      Params:         4       0       0       0       0
      Locals:         4       0       0       0       0
      Temps:          1       0       0       0       0
      Totals:         9       0       0       0       0
Total ram usage:        9 bytes
 Hardware stack levels used:    1
 This function calls:
		Nothing
 This function is called by:
		_obtener_decenas
 This function uses a non-reentrant model


 *************** function _convertir_a_ascii *****************
 Defined at:
		line 139 in file "Main_master.c"
 Parameters:    Size  Location     Type
  a               1    wreg     unsigned char 
 Auto vars:     Size  Location     Type
  a               1    1[COMMON] unsigned char 
  temporal        1    2[COMMON] unsigned char 
 Return value:  Size  Location     Type
                  1    wreg      unsigned char 
 Registers used:
		wreg, status,2, status,0
 Tracked objects:
		On entry : 
		On exit  : 
		Unchanged: 
 Data sizes:     COMMON   BANK0   BANK1   BANK3   BANK2
      Params:         0       0       0       0       0
      Locals:         2       0       0       0       0
      Temps:          1       0       0       0       0
      Totals:         3       0       0       0       0
Total ram usage:        3 bytes
 Hardware stack levels used:    1
 This function calls:
		Nothing
 This function is called by:
		_main
 This function uses a non-reentrant model


 *************** function ___fltol *****************
 Defined at:
		line 43 in file "C:\Program Files (x86)\Microchip\xc8\v2.10\pic\sources\c90\common\fltol.c"
 Parameters:    Size  Location     Type
  f1              4    0[COMMON] unsigned char 
 Auto vars:     Size  Location     Type
  exp1            1   10[COMMON] unsigned char 
  sign1           1    9[COMMON] unsigned char 
 Return value:  Size  Location     Type
                  4    0[COMMON] long 
 Registers used:
		wreg, status,2, status,0
 Tracked objects:
		On entry : 
		On exit  : 
		Unchanged: 
 Data sizes:     COMMON   BANK0   BANK1   BANK3   BANK2
      Params:         4       0       0       0       0
      Locals:         2       0       0       0       0
      Temps:          5       0       0       0       0
      Totals:        11       0       0       0       0
Total ram usage:       11 bytes
 Hardware stack levels used:    1
 This function calls:
		Nothing
 This function is called by:
		_main
 This function uses a non-reentrant model


 *************** function _LCD_WRITE_STRING *****************
 Defined at:
		line 70 in file "../Digital2_LabLCD/LCD_8bits_lib.c"
 Parameters:    Size  Location     Type
  a               1    wreg     PTR unsigned char 
		 -> STR_3(2), STR_2(2), STR_1(17), 
 Auto vars:     Size  Location     Type
  a               1    5[COMMON] PTR unsigned char 
		 -> STR_3(2), STR_2(2), STR_1(17), 
  i               2    3[COMMON] int 
 Return value:  Size  Location     Type
                  1    wreg      void 
 Registers used:
		wreg, fsr0l, fsr0h, status,2, status,0, pclath, cstack
 Tracked objects:
		On entry : 
		On exit  : 
		Unchanged: 
 Data sizes:     COMMON   BANK0   BANK1   BANK3   BANK2
      Params:         0       0       0       0       0
      Locals:         3       0       0       0       0
      Temps:          0       0       0       0       0
      Totals:         3       0       0       0       0
Total ram usage:        3 bytes
 Hardware stack levels used:    1
 Hardware stack levels required when called:    1
 This function calls:
		_LCD_WRITE_CHAR
 This function is called by:
		_main
 This function uses a non-reentrant model


 *************** function _LCD_WRITE_CHAR *****************
 Defined at:
		line 61 in file "../Digital2_LabLCD/LCD_8bits_lib.c"
 Parameters:    Size  Location     Type
  a               1    wreg     unsigned char 
 Auto vars:     Size  Location     Type
  a               1    2[COMMON] unsigned char 
 Return value:  Size  Location     Type
                  1    wreg      void 
 Registers used:
		wreg
 Tracked objects:
		On entry : 
		On exit  : 
		Unchanged: 
 Data sizes:     COMMON   BANK0   BANK1   BANK3   BANK2
      Params:         0       0       0       0       0
      Locals:         1       0       0       0       0
      Temps:          2       0       0       0       0
      Totals:         3       0       0       0       0
Total ram usage:        3 bytes
 Hardware stack levels used:    1
 This function calls:
		Nothing
 This function is called by:
		_main
		_LCD_WRITE_STRING
 This function uses a non-reentrant model


 *************** function _LCD_SET_CURSOR *****************
 Defined at:
		line 29 in file "../Digital2_LabLCD/LCD_8bits_lib.c"
 Parameters:    Size  Location     Type
  a               1    wreg     unsigned char 
  b               1    3[COMMON] unsigned char 
 Auto vars:     Size  Location     Type
  a               1    5[COMMON] unsigned char 
  temporal        1    6[COMMON] unsigned char 
 Return value:  Size  Location     Type
                  1    wreg      void 
 Registers used:
		wreg, status,2, status,0, pclath, cstack
 Tracked objects:
		On entry : 
		On exit  : 
		Unchanged: 
 Data sizes:     COMMON   BANK0   BANK1   BANK3   BANK2
      Params:         1       0       0       0       0
      Locals:         2       0       0       0       0
      Temps:          1       0       0       0       0
      Totals:         4       0       0       0       0
Total ram usage:        4 bytes
 Hardware stack levels used:    1
 Hardware stack levels required when called:    1
 This function calls:
		_LCD_CMD
 This function is called by:
		_main
 This function uses a non-reentrant model


 *************** function _LCD_INIT *****************
 Defined at:
		line 41 in file "../Digital2_LabLCD/LCD_8bits_lib.c"
 Parameters:    Size  Location     Type
		None
 Auto vars:     Size  Location     Type
		None
 Return value:  Size  Location     Type
                  1    wreg      void 
 Registers used:
		wreg, status,2, status,0, pclath, cstack
 Tracked objects:
		On entry : 
		On exit  : 
		Unchanged: 
 Data sizes:     COMMON   BANK0   BANK1   BANK3   BANK2
      Params:         0       0       0       0       0
      Locals:         0       0       0       0       0
      Temps:          2       0       0       0       0
      Totals:         2       0       0       0       0
Total ram usage:        2 bytes
 Hardware stack levels used:    1
 Hardware stack levels required when called:    1
 This function calls:
		_LCD_CMD
 This function is called by:
		_main
 This function uses a non-reentrant model


 *************** function _LCD_CMD *****************
 Defined at:
		line 16 in file "../Digital2_LabLCD/LCD_8bits_lib.c"
 Parameters:    Size  Location     Type
  a               1    wreg     unsigned char 
 Auto vars:     Size  Location     Type
  a               1    2[COMMON] unsigned char 
 Return value:  Size  Location     Type
                  1    wreg      void 
 Registers used:
		wreg
 Tracked objects:
		On entry : 
		On exit  : 
		Unchanged: 
 Data sizes:     COMMON   BANK0   BANK1   BANK3   BANK2
      Params:         0       0       0       0       0
      Locals:         1       0       0       0       0
      Temps:          2       0       0       0       0
      Totals:         3       0       0       0       0
Total ram usage:        3 bytes
 Hardware stack levels used:    1
 This function calls:
		Nothing
 This function is called by:
		_LCD_SET_CURSOR
		_LCD_INIT
		_LCD_CLR
		_LCD_SHIFT_RIGHT
		_LCD_SHIFT_LEFT
 This function uses a non-reentrant model


 *************** function _Init_Port *****************
 Defined at:
		line 107 in file "Main_master.c"
 Parameters:    Size  Location     Type
		None
 Auto vars:     Size  Location     Type
		None
 Return value:  Size  Location     Type
                  1    wreg      void 
 Registers used:
		status,2
 Tracked objects:
		On entry : 
		On exit  : 
		Unchanged: 
 Data sizes:     COMMON   BANK0   BANK1   BANK3   BANK2
      Params:         0       0       0       0       0
      Locals:         0       0       0       0       0
      Temps:          0       0       0       0       0
      Totals:         0       0       0       0       0
Total ram usage:        0 bytes
 Hardware stack levels used:    1
 This function calls:
		Nothing
 This function is called by:
		_main
 This function uses a non-reentrant model


 *************** function _Init_I2C_Master *****************
 Defined at:
		line 13 in file "I2C.c"
 Parameters:    Size  Location     Type
  b               4    0[BANK0 ] const unsigned long 
 Auto vars:     Size  Location     Type
		None
 Return value:  Size  Location     Type
                  1    wreg      void 
 Registers used:
		wreg, status,2, status,0, pclath, cstack
 Tracked objects:
		On entry : 
		On exit  : 
		Unchanged: 
 Data sizes:     COMMON   BANK0   BANK1   BANK3   BANK2
      Params:         0       4       0       0       0
      Locals:         0       0       0       0       0
      Temps:          0       4       0       0       0
      Totals:         0       8       0       0       0
Total ram usage:        8 bytes
 Hardware stack levels used:    1
 Hardware stack levels required when called:    1
 This function calls:
		___lldiv
 This function is called by:
		_main
 This function uses a non-reentrant model


 *************** function ___lldiv *****************
 Defined at:
		line 5 in file "C:\Program Files (x86)\Microchip\xc8\v2.10\pic\sources\c90\common\__lldiv.c"
 Parameters:    Size  Location     Type
  divisor         4    0[COMMON] unsigned long 
  dividend        4    4[COMMON] unsigned long 
 Auto vars:     Size  Location     Type
  quotient        4    9[COMMON] unsigned long 
  counter         1   13[COMMON] unsigned char 
 Return value:  Size  Location     Type
                  4    0[COMMON] unsigned long 
 Registers used:
		wreg, status,2, status,0
 Tracked objects:
		On entry : 
		On exit  : 
		Unchanged: 
 Data sizes:     COMMON   BANK0   BANK1   BANK3   BANK2
      Params:         8       0       0       0       0
      Locals:         5       0       0       0       0
      Temps:          1       0       0       0       0
      Totals:        14       0       0       0       0
Total ram usage:       14 bytes
 Hardware stack levels used:    1
 This function calls:
		Nothing
 This function is called by:
		_Init_I2C_Master
 This function uses a non-reentrant model



MODULE INFORMATION

Module		Function		Class		Link	Load	Size
C:\Program Files (x86)\Microchip\xc8\v2.10\pic\sources\c90\common\awdiv.c
		___awdiv       		CODE           	056B	0000	104

C:\Program Files (x86)\Microchip\xc8\v2.10\pic\sources\c90\common\awdiv.c estimated size: 104

C:\Program Files (x86)\Microchip\xc8\v2.10\pic\sources\c90\common\fltol.c
		___fltol       		CODE           	05D2	0000	123

C:\Program Files (x86)\Microchip\xc8\v2.10\pic\sources\c90\common\fltol.c estimated size: 123

C:\Program Files (x86)\Microchip\xc8\v2.10\pic\sources\c90\common\Umul16.c
		___wmul        		CODE           	037E	0000	38

C:\Program Files (x86)\Microchip\xc8\v2.10\pic\sources\c90\common\Umul16.c estimated size: 38

I2C.c
		_Init_I2C_Master		CODE           	041B	0000	61

I2C.c estimated size: 61

Main_master.c
		_convertir_a_ascii		CODE           	02D0	0000	9
		_obtener_unidades		CODE           	031A	0000	28
		_main          		CODE           	064C	0000	424
		_obtener_decenas		CODE           	03A3	0000	41
		_obtener_decimal_1		CODE           	03CB	0000	41
		_obtener_decimal_2		CODE           	03F3	0000	41
		_Init_Port     		CODE           	02E0	0000	14

Main_master.c estimated size: 598

../Digital2_LabLCD/LCD_8bits_lib.c
		_LCD_WRITE_CHAR		CODE           	0303	0000	24
		_LCD_INIT      		CODE           	0457	0000	84
		_LCD_CMD       		CODE           	02ED	0000	23
		_LCD_SET_CURSOR		CODE           	0335	0000	37
		_LCD_WRITE_STRING		CODE           	0359	0000	38

../Digital2_LabLCD/LCD_8bits_lib.c estimated size: 206

C:\Program Files (x86)\Microchip\xc8\v2.10\pic\sources\c90\common\__lldiv.c
		___lldiv       		CODE           	0505	0000	103

C:\Program Files (x86)\Microchip\xc8\v2.10\pic\sources\c90\common\__lldiv.c estimated size: 103

shared
		__stringtab    		STRING         	0003	0000	7
		__initialization		CODE           	07F3	0000	10

shared estimated size: 17

C:\Program Files (x86)\Microchip\xc8\v2.10\pic\sources\c90\common\awmod.c
		___awmod       		CODE           	04AA	0000	92

C:\Program Files (x86)\Microchip\xc8\v2.10\pic\sources\c90\common\awmod.c estimated size: 92

