Microchip MPLAB XC8 Compiler V2.10 ()

Linker command line:

-W-3 --edf=C:\Program Files (x86)\Microchip\xc8\v2.10\pic\dat\en_msgs.txt \
  -cs -h+dist/default/debug\Lab5_Master.debug.sym \
  --cmf=dist/default/debug\Lab5_Master.debug.cmf -z -Q16F887 \
  -oC:\Users\megaj\AppData\Local\Temp\sd0c.2 --defsym=__MPLAB_BUILD=1 \
  -Mdist/default/debug/Lab5_Master.debug.map -E1 -ver=XC8 --acfsm=1493 \
  -ASTACK=0110h-016Fh -pstack=STACK -ACODE=00h-07FFhx4 -ASTRCODE=00h-01FFFh \
  -ASTRING=00h-0FFhx32 -ACONST=00h-0FFhx32 -AENTRY=00h-0FFhx32 \
  -ACOMMON=070h-07Fh -ABANK0=020h-06Fh -ABANK1=0A0h-0EFh \
  -ABANK2=0110h-016Fh -ABANK3=0190h-01EFh \
  -ARAM=020h-06Fh,0A0h-0EFh,0110h-016Fh,0190h-01EFh \
  -AABS1=020h-07Fh,0A0h-0EFh,0110h-016Fh,0190h-01EFh -ASFR0=00h-01Fh \
  -ASFR1=080h-09Fh -ASFR2=0100h-010Fh -ASFR3=0180h-018Fh \
  -preset_vec=00h,intentry,init,end_init -ppowerup=CODE -pcinit=CODE \
  -pfunctab=ENTRY -ACONFIG=02007h-02008h -pconfig=CONFIG -DCONFIG=2 \
  -AIDLOC=02000h-02003h -pidloc=IDLOC -DIDLOC=2 -AEEDATA=00h-0FFh/02100h \
  -peeprom_data=EEDATA -DEEDATA=2 -DCODE=2 -DSTRCODE=2 -DSTRING=2 -DCONST=2 \
  -DENTRY=2 -k C:\Users\megaj\AppData\Local\Temp\sd0c.o \
  dist/default/debug\Lab5_Master.debug.o 

Object code version is 3.11

Machine type is 16F887



                Name                               Link     Load   Length Selector   Space Scale
C:\Users\megaj\AppData\Local\Temp\sd0c.o
                end_init                              0        0        3        0       0
                config                             2007     2007        2     400E       0
dist/default/debug\Lab5_Master.debug.o
                cinit                               7F3      7F3        D      FE6       0
                text24                               B1       B1       66      162       0
                text23                              F42      F42       3C     1E84       0
                text22                              E0E      E0E        D     1C1C       0
                text21                              E28      E28       16     1C50       0
                text20                                3        3       53        0       0
                text19                              E70      E70       24     1CE0       0
                text18                              E3E      E3E       17     1C7C       0
                text17                              E94      E94       25     1D28       0
                text16                              E1B      E1B        D     1C36       0
                text15                              DF2      DF2        9     1BE4       0
                text14                              DFB      DFB        9     1BF6       0
                text13                              E04      E04        A     1C08       0
                text12                              1FA      1FA       BA      3F4       0
                text11                              DE2      DE2        8     1BC4       0
                text10                              117      117       67      22E       0
                text9                                56       56       5B       AC       0
                text8                               EE0      EE0       28     1DC0       0
                text7                               EB9      EB9       27     1D72       0
                text6                               492      492      361      924       0
                text5                               17E      17E       7C      2FC       0
                text4                               F08      F08       3A     1E10       0
                text3                               F7E      F7E       41     1EFC       0
                text2                               FBF      FBF       41     1F7E       0
                text1                               E55      E55       1B     1CAA       0
                maintext                            2B4      2B4      1DE      568       0
                cstackBANK0                          20       20       2D       20       1
                cstackCOMMON                         70       70        E       70       1
                clrtext                             DEA      DEA        8     1BD4       0
                bssBANK0                             4D       4D       21       20       1
                strings                             800      800       19     1000       0

TOTAL           Name                               Link     Load   Length     Space
        CLASS   STACK          

        CLASS   CODE           
                end_init                              0        0        3         0
                cinit                               7F3      7F3        D         0
                text24                               B1       B1       66         0
                text23                              F42      F42       3C         0
                text22                              E0E      E0E        D         0
                text21                              E28      E28       16         0
                text20                                3        3       53         0
                text19                              E70      E70       24         0
                text18                              E3E      E3E       17         0
                text17                              E94      E94       25         0
                text16                              E1B      E1B        D         0
                text15                              DF2      DF2        9         0
                text14                              DFB      DFB        9         0
                text13                              E04      E04        A         0
                text12                              1FA      1FA       BA         0
                text11                              DE2      DE2        8         0
                text10                              117      117       67         0
                text9                                56       56       5B         0
                text8                               EE0      EE0       28         0
                text7                               EB9      EB9       27         0
                text6                               492      492      361         0
                text5                               17E      17E       7C         0
                text4                               F08      F08       3A         0
                text3                               F7E      F7E       41         0
                text2                               FBF      FBF       41         0
                text1                               E55      E55       1B         0
                maintext                            2B4      2B4      1DE         0
                clrtext                             DEA      DEA        8         0

        CLASS   STRCODE        

        CLASS   STRING         
                strings                             800      800       19         0

        CLASS   CONST          

        CLASS   ENTRY          

        CLASS   COMMON         
                cstackCOMMON                         70       70        E         1

        CLASS   BANK0          
                cstackBANK0                          20       20       2D         1
                bssBANK0                             4D       4D       21         1

        CLASS   BANK1          

        CLASS   BANK2          

        CLASS   BANK3          

        CLASS   RAM            

        CLASS   ABS1           
                abs_s1                               7E       7E        2         1

        CLASS   SFR0           

        CLASS   SFR1           

        CLASS   SFR2           

        CLASS   SFR3           

        CLASS   CONFIG         
                config                             2007     2007        2         0

        CLASS   IDLOC          

        CLASS   EEDATA         



SEGMENTS        Name                           Load    Length   Top    Selector   Space  Class     Delta

                reset_vec                      000000  000056  000056         0       0  CODE        2
                cstackBANK0                    000020  00004E  00006E        20       1  BANK0       1
                cstackCOMMON                   000070  00000E  00007E        70       1  COMMON      1
                text9                          000056  00005B  0000B1        AC       0  CODE        2
                text24                         0000B1  000066  000117       162       0  CODE        2
                text10                         000117  000067  00017E       22E       0  CODE        2
                text5                          00017E  00007C  0001FA       2FC       0  CODE        2
                text12                         0001FA  0000BA  0002B4       3F4       0  CODE        2
                maintext                       0002B4  0001DE  000492       568       0  CODE        2
                text6                          000492  000361  0007F3       924       0  CODE        2
                cinit                          0007F3  00000D  000800       FE6       0  CODE        2
                strings                        000800  000019  000819      1000       0  STRING      2
                text11                         000DE2  000008  000DEA      1BC4       0  CODE        2
                clrtext                        000DEA  000008  000DF2      1BD4       0  CODE        2
                text15                         000DF2  000009  000DFB      1BE4       0  CODE        2
                text14                         000DFB  000009  000E04      1BF6       0  CODE        2
                text13                         000E04  00000A  000E0E      1C08       0  CODE        2
                text22                         000E0E  00000D  000E1B      1C1C       0  CODE        2
                text16                         000E1B  00000D  000E28      1C36       0  CODE        2
                text21                         000E28  000016  000E3E      1C50       0  CODE        2
                text18                         000E3E  000017  000E55      1C7C       0  CODE        2
                text1                          000E55  00001B  000E70      1CAA       0  CODE        2
                text19                         000E70  000024  000E94      1CE0       0  CODE        2
                text17                         000E94  000025  000EB9      1D28       0  CODE        2
                text7                          000EB9  000027  000EE0      1D72       0  CODE        2
                text8                          000EE0  000028  000F08      1DC0       0  CODE        2
                text4                          000F08  00003A  000F42      1E10       0  CODE        2
                text23                         000F42  00003C  000F7E      1E84       0  CODE        2
                text3                          000F7E  000041  000FBF      1EFC       0  CODE        2
                text2                          000FBF  000041  001000      1F7E       0  CODE        2
                config                         002007  000002  002009      400E       0  CONFIG      2


UNUSED ADDRESS RANGES

        Name                Unused          Largest block    Delta
        BANK0            006E-006F              2           1
        BANK1            00A0-00EF             50           1
        BANK2            0110-016F             60           1
        BANK3            0190-01EF             60           1
        CODE             0819-0DE1            5C9           2
                         1000-1FFF            800
        CONST            0819-0DE1            100           2
                         1000-1FFF            100
        EEDATA           2100-21FF            100           2
        ENTRY            0819-0DE1            100           2
                         1000-1FFF            100
        IDLOC            2000-2003              4           2
        RAM              006E-006F              2           1
                         00A0-00EF             50
                         0110-016F             60
                         0190-01EF             60
        SFR0             0000-001F             20           1
        SFR1             0080-009F             20           1
        SFR2             0100-010F             10           1
        SFR3             0180-018F             10           1
        STACK            0110-016F             60           1
        STRCODE          0819-0DE1            5C9           2
                         1000-1FFF           1000
        STRING           0819-0DE1            100           2
                         1000-1FFF            100

                                  Symbol Table

?__Umul8_16                 cstackCOMMON 0070
?___awdiv                   cstackCOMMON 0070
?___awmod                   cstackCOMMON 0079
?___flmul                   cstackBANK0  0020
?___fltol                   cstackBANK0  003A
?___lldiv                   cstackCOMMON 0070
?___lwmod                   cstackCOMMON 0070
?___xxtofl                  cstackCOMMON 0070
Init_I2C_Master@b           cstackBANK0  0020
LCD_CMD@a                   cstackCOMMON 0072
LCD_SET_CURSOR@a            cstackCOMMON 0075
LCD_SET_CURSOR@b            cstackCOMMON 0073
LCD_SET_CURSOR@temporal     cstackCOMMON 0076
LCD_WRITE_CHAR@a            cstackCOMMON 0072
LCD_WRITE_STRING@a          cstackCOMMON 0075
LCD_WRITE_STRING@i          cstackCOMMON 0073
Write_I2C_Master@a          cstackCOMMON 0070
_ANSEL                      (abs)        0188
_ANSELH                     (abs)        0189
_INTCONbits                 (abs)        000B
_Init_I2C_Master            text23       0F42
_Init_Port                  text22       0E0E
_LCD_CMD                    text21       0E28
_LCD_INIT                   text20       0003
_LCD_SET_CURSOR             text19       0E70
_LCD_WRITE_CHAR             text18       0E3E
_LCD_WRITE_STRING           text17       0E94
_PIE1bits                   (abs)        008C
_PIR1bits                   (abs)        000C
_PORTB                      (abs)        0006
_PORTD                      (abs)        0008
_PORTDbits                  (abs)        0008
_SSPADD                     (abs)        0093
_SSPBUF                     (abs)        0013
_SSPCON                     (abs)        0014
_SSPCON2                    (abs)        0091
_SSPCON2bits                (abs)        0091
_SSPCONbits                 (abs)        0014
_SSPSTAT                    (abs)        0094
_SSPSTATbits                (abs)        0094
_Start_I2C_Master           text15       0DF2
_Stop_I2C_Master            text14       0DFB
_TRISB                      (abs)        0086
_TRISCbits                  (abs)        0087
_TRISD                      (abs)        0088
_Wait_I2C_Master            text16       0E1B
_Write_I2C_Master           text13       0E04
__CFG_BOR4V$BOR40V          (abs)        0000
__CFG_BOREN$OFF             (abs)        0000
__CFG_CP$OFF                (abs)        0000
__CFG_CPD$OFF               (abs)        0000
__CFG_FCMEN$OFF             (abs)        0000
__CFG_FOSC$INTRC_NOCLKOUT   (abs)        0000
__CFG_IESO$OFF              (abs)        0000
__CFG_LVP$OFF               (abs)        0000
__CFG_MCLRE$OFF             (abs)        0000
__CFG_PWRTE$OFF             (abs)        0000
__CFG_WDTE$OFF              (abs)        0000
__CFG_WRT$OFF               (abs)        0000
__Habs1                     abs1         0000
__Hbank0                    bank0        0000
__Hbank1                    bank1        0000
__Hbank2                    bank2        0000
__Hbank3                    bank3        0000
__HbssBANK0                 bssBANK0     0000
__Hcinit                    cinit        0800
__Hclrtext                  clrtext      0000
__Hcode                     code         0000
__Hcommon                   common       0000
__Hconfig                   config       2009
__HcstackBANK0              cstackBANK0  0000
__HcstackCOMMON             cstackCOMMON 0000
__Heeprom_data              eeprom_data  0000
__Hend_init                 end_init     0003
__Hfunctab                  functab      0000
__Hidloc                    idloc        0000
__Hinit                     init         0000
__Hintentry                 intentry     0000
__Hmaintext                 maintext     0000
__Hpowerup                  powerup      0000
__Hram                      ram          0000
__Hreset_vec                reset_vec    0000
__Hsfr0                     sfr0         0000
__Hsfr1                     sfr1         0000
__Hsfr2                     sfr2         0000
__Hsfr3                     sfr3         0000
__Hspace_0                  (abs)        2009
__Hspace_1                  (abs)        007E
__Hspace_2                  (abs)        0000
__Hspace_3                  (abs)        0000
__Hstack                    stack        0000
__Hstrings                  strings      0000
__Htext                     text         0000
__Labs1                     abs1         0000
__Lbank0                    bank0        0000
__Lbank1                    bank1        0000
__Lbank2                    bank2        0000
__Lbank3                    bank3        0000
__LbssBANK0                 bssBANK0     0000
__Lcinit                    cinit        07F3
__Lclrtext                  clrtext      0000
__Lcode                     code         0000
__Lcommon                   common       0000
__Lconfig                   config       2007
__LcstackBANK0              cstackBANK0  0000
__LcstackCOMMON             cstackCOMMON 0000
__Leeprom_data              eeprom_data  0000
__Lend_init                 end_init     0000
__Lfunctab                  functab      0000
__Lidloc                    idloc        0000
__Linit                     init         0000
__Lintentry                 intentry     0000
__Lmaintext                 maintext     0000
__Lpowerup                  powerup      0000
__Lram                      ram          0000
__Lreset_vec                reset_vec    0000
__Lsfr0                     sfr0         0000
__Lsfr1                     sfr1         0000
__Lsfr2                     sfr2         0000
__Lsfr3                     sfr3         0000
__Lspace_0                  (abs)        0000
__Lspace_1                  (abs)        0000
__Lspace_2                  (abs)        0000
__Lspace_3                  (abs)        0000
__Lstack                    stack        0000
__Lstrings                  strings      0000
__Ltext                     text         0000
__S0                        (abs)        2009
__S1                        (abs)        007E
__S2                        (abs)        0000
__S3                        (abs)        0000
__Umul8_16                  text7        0EB9
__Umul8_16@multiplicand     cstackCOMMON 0070
__Umul8_16@multiplier       cstackCOMMON 0078
__Umul8_16@product          cstackCOMMON 0074
__Umul8_16@word_mpld        cstackCOMMON 0076
___awdiv                    text10       0117
___awdiv@counter            cstackCOMMON 0075
___awdiv@dividend           cstackCOMMON 0072
___awdiv@divisor            cstackCOMMON 0070
___awdiv@quotient           cstackCOMMON 0077
___awdiv@sign               cstackCOMMON 0076
___awmod                    text9        0056
___awmod@counter            cstackBANK0  0020
___awmod@dividend           cstackCOMMON 007B
___awmod@divisor            cstackCOMMON 0079
___awmod@sign               cstackBANK0  0021
___flmul                    text6        0492
___flmul@a                  cstackBANK0  0024
___flmul@aexp               cstackBANK0  0032
___flmul@b                  cstackBANK0  0020
___flmul@bexp               cstackBANK0  0033
___flmul@grs                cstackBANK0  002E
___flmul@prod               cstackBANK0  0034
___flmul@sign               cstackBANK0  002D
___flmul@temp               cstackBANK0  0038
___fltol                    text5        017E
___fltol@exp1               cstackBANK0  0044
___fltol@f1                 cstackBANK0  003A
___fltol@sign1              cstackBANK0  0043
___int_sp                   stack        0000
___latbits                  (abs)        0002
___lldiv                    text24       00B1
___lldiv@counter            cstackCOMMON 007D
___lldiv@dividend           cstackCOMMON 0074
___lldiv@divisor            cstackCOMMON 0070
___lldiv@quotient           cstackCOMMON 0079
___lwmod                    text4        0F08
___lwmod@counter            cstackCOMMON 0075
___lwmod@dividend           cstackCOMMON 0072
___lwmod@divisor            cstackCOMMON 0070
___sp                       stack        0000
___stackhi                  (abs)        0000
___stacklo                  (abs)        0000
___xxtofl                   text12       01FA
___xxtofl@arg               cstackCOMMON 007A
___xxtofl@exp               cstackCOMMON 0079
___xxtofl@sign              cstackCOMMON 0078
___xxtofl@val               cstackCOMMON 0070
__end_of_Init_I2C_Master    text23       0F7E
__end_of_Init_Port          text22       0E1B
__end_of_LCD_CMD            text21       0E3E
__end_of_LCD_INIT           text20       0056
__end_of_LCD_SET_CURSOR     text19       0E94
__end_of_LCD_WRITE_CHAR     text18       0E55
__end_of_LCD_WRITE_STRING   text17       0EB9
__end_of_Start_I2C_Master   text15       0DFB
__end_of_Stop_I2C_Master    text14       0E04
__end_of_Wait_I2C_Master    text16       0E28
__end_of_Write_I2C_Master   text13       0E0E
__end_of__Umul8_16          text7        0EE0
__end_of___awdiv            text10       017E
__end_of___awmod            text9        00B1
__end_of___flmul            text6        07F3
__end_of___fltol            text5        01FA
__end_of___lldiv            text24       0117
__end_of___lwmod            text4        0F42
__end_of___xxtofl           text12       02B4
__end_of__initialization    cinit        07FC
__end_of__stringtab         strings      0806
__end_of_convertir_a_ascii  text11       0DEA
__end_of_main               maintext     0492
__end_of_obtener_decenas    text8        0F08
__end_of_obtener_decimal_1  text3        0FBF
__end_of_obtener_decimal_2  text2        1000
__end_of_obtener_unidades   text1        0E70
__initialization            cinit        07F3
__pbssBANK0                 bssBANK0     004D
__pcstackBANK0              cstackBANK0  0020
__pcstackCOMMON             cstackCOMMON 0070
__pmaintext                 maintext     02B4
__pstrings                  strings      0800
__ptext1                    text1        0E55
__ptext10                   text10       0117
__ptext11                   text11       0DE2
__ptext12                   text12       01FA
__ptext13                   text13       0E04
__ptext14                   text14       0DFB
__ptext15                   text15       0DF2
__ptext16                   text16       0E1B
__ptext17                   text17       0E94
__ptext18                   text18       0E3E
__ptext19                   text19       0E70
__ptext2                    text2        0FBF
__ptext20                   text20       0003
__ptext21                   text21       0E28
__ptext22                   text22       0E0E
__ptext23                   text23       0F42
__ptext24                   text24       00B1
__ptext3                    text3        0F7E
__ptext4                    text4        0F08
__ptext5                    text5        017E
__ptext6                    text6        0492
__ptext7                    text7        0EB9
__ptext8                    text8        0EE0
__ptext9                    text9        0056
__size_of_Init_I2C_Master   (abs)        0000
__size_of_Init_Port         (abs)        0000
__size_of_LCD_CMD           (abs)        0000
__size_of_LCD_INIT          (abs)        0000
__size_of_LCD_SET_CURSOR    (abs)        0000
__size_of_LCD_WRITE_CHAR    (abs)        0000
__size_of_LCD_WRITE_STRING  (abs)        0000
__size_of_Start_I2C_Master  (abs)        0000
__size_of_Stop_I2C_Master   (abs)        0000
__size_of_Wait_I2C_Master   (abs)        0000
__size_of_Write_I2C_Master  (abs)        0000
__size_of__Umul8_16         (abs)        0000
__size_of___awdiv           (abs)        0000
__size_of___awmod           (abs)        0000
__size_of___flmul           (abs)        0000
__size_of___fltol           (abs)        0000
__size_of___lldiv           (abs)        0000
__size_of___lwmod           (abs)        0000
__size_of___xxtofl          (abs)        0000
__size_of_convertir_a_ascii (abs)        0000
__size_of_main              (abs)        0000
__size_of_obtener_decenas   (abs)        0000
__size_of_obtener_decimal_1 (abs)        0000
__size_of_obtener_decimal_2 (abs)        0000
__size_of_obtener_unidades  (abs)        0000
__stringbase                strings      0805
__stringtab                 strings      0800
_charcont1                  bssBANK0     005A
_charcont2                  bssBANK0     0059
_charfoto1                  bssBANK0     0060
_charfoto2                  bssBANK0     005E
_charfoto3                  bssBANK0     005C
_charpot1                   bssBANK0     005F
_charpot2                   bssBANK0     005D
_charpot3                   bssBANK0     005B
_convertir_a_ascii          text11       0DE2
_dececont                   bssBANK0     0061
_deci1foto                  bssBANK0     0064
_deci1pot                   bssBANK0     0068
_deci2foto                  bssBANK0     0063
_deci2pot                   bssBANK0     0067
_fotof                      bssBANK0     004D
_main                       maintext     02B4
_obtener_decenas            text8        0EE0
_obtener_decimal_1          text3        0F7E
_obtener_decimal_2          text2        0FBF
_obtener_unidades           text1        0E55
_pot                        bssBANK0     006C
_potf                       bssBANK0     0051
_unicont                    bssBANK0     0062
_unifoto                    bssBANK0     0065
_unipot                     bssBANK0     0069
btemp                       (abs)        007E
clear_ram0                  clrtext      0DEA
convertir_a_ascii@a         cstackCOMMON 0071
convertir_a_ascii@temporal  cstackCOMMON 0072
end_of_initialization       cinit        07FC
intlevel0                   functab      0000
intlevel1                   functab      0000
intlevel2                   functab      0000
intlevel3                   functab      0000
intlevel4                   functab      0000
intlevel5                   functab      0000
obtener_decenas@a           cstackBANK0  0025
obtener_decenas@temporal    cstackBANK0  0026
obtener_decimal_1@a         cstackBANK0  0045
obtener_decimal_1@temporal  cstackBANK0  0049
obtener_decimal_2@a         cstackBANK0  0045
obtener_decimal_2@temporal  cstackBANK0  0049
obtener_unidades@a          cstackBANK0  0025
obtener_unidades@temporal   cstackBANK0  0026
reset_vec                   reset_vec    0000
start                       init         0000
start_initialization        cinit        07F3
wtemp0                      (abs)        007E


FUNCTION INFORMATION:

 *************** function _main *****************
 Defined at:
		line 51 in file "Main_master.c"
 Parameters:    Size  Location     Type
		None
 Auto vars:     Size  Location     Type
		None
 Return value:  Size  Location     Type
                  1    wreg      void 
 Registers used:
		wreg, fsr0l, fsr0h, status,2, status,0, btemp+1, pclath, cstack
 Tracked objects:
		On entry : 
		On exit  : 
		Unchanged: 
 Data sizes:     COMMON   BANK0   BANK1   BANK3   BANK2
      Params:         0       0       0       0       0
      Locals:         0       0       0       0       0
      Temps:          0       2       0       0       0
      Totals:         0       2       0       0       0
Total ram usage:        2 bytes
 Hardware stack levels required when called:    3
 This function calls:
		_Init_I2C_Master
		_Init_Port
		_LCD_INIT
		_LCD_SET_CURSOR
		_LCD_WRITE_CHAR
		_LCD_WRITE_STRING
		_Start_I2C_Master
		_Stop_I2C_Master
		_Write_I2C_Master
		___flmul
		___fltol
		___xxtofl
		_convertir_a_ascii
		_obtener_decenas
		_obtener_decimal_1
		_obtener_decimal_2
		_obtener_unidades
 This function is called by:
		Startup code after reset
 This function uses a non-reentrant model


 *************** function _obtener_unidades *****************
 Defined at:
		line 122 in file "Main_master.c"
 Parameters:    Size  Location     Type
  a               1    wreg     unsigned char 
 Auto vars:     Size  Location     Type
  a               1    5[BANK0 ] unsigned char 
  temporal        1    6[BANK0 ] unsigned char 
 Return value:  Size  Location     Type
                  1    wreg      unsigned char 
 Registers used:
		wreg, status,2, status,0, pclath, cstack
 Tracked objects:
		On entry : 
		On exit  : 
		Unchanged: 
 Data sizes:     COMMON   BANK0   BANK1   BANK3   BANK2
      Params:         0       0       0       0       0
      Locals:         0       2       0       0       0
      Temps:          0       3       0       0       0
      Totals:         0       5       0       0       0
Total ram usage:        5 bytes
 Hardware stack levels used:    1
 Hardware stack levels required when called:    1
 This function calls:
		___awmod
 This function is called by:
		_main
 This function uses a non-reentrant model


 *************** function _obtener_decimal_2 *****************
 Defined at:
		line 139 in file "Main_master.c"
 Parameters:    Size  Location     Type
  a               4   37[BANK0 ] float 
 Auto vars:     Size  Location     Type
  temporal        2   41[BANK0 ] unsigned int 
 Return value:  Size  Location     Type
                  1    wreg      unsigned char 
 Registers used:
		wreg, status,2, status,0, btemp+1, pclath, cstack
 Tracked objects:
		On entry : 
		On exit  : 
		Unchanged: 
 Data sizes:     COMMON   BANK0   BANK1   BANK3   BANK2
      Params:         0       4       0       0       0
      Locals:         0       2       0       0       0
      Temps:          0       0       0       0       0
      Totals:         0       6       0       0       0
Total ram usage:        6 bytes
 Hardware stack levels used:    1
 Hardware stack levels required when called:    2
 This function calls:
		___flmul
		___fltol
		___lwmod
 This function is called by:
		_main
 This function uses a non-reentrant model


 *************** function _obtener_decimal_1 *****************
 Defined at:
		line 133 in file "Main_master.c"
 Parameters:    Size  Location     Type
  a               4   37[BANK0 ] float 
 Auto vars:     Size  Location     Type
  temporal        2   41[BANK0 ] unsigned int 
 Return value:  Size  Location     Type
                  1    wreg      unsigned char 
 Registers used:
		wreg, status,2, status,0, btemp+1, pclath, cstack
 Tracked objects:
		On entry : 
		On exit  : 
		Unchanged: 
 Data sizes:     COMMON   BANK0   BANK1   BANK3   BANK2
      Params:         0       4       0       0       0
      Locals:         0       2       0       0       0
      Temps:          0       0       0       0       0
      Totals:         0       6       0       0       0
Total ram usage:        6 bytes
 Hardware stack levels used:    1
 Hardware stack levels required when called:    2
 This function calls:
		___flmul
		___fltol
		___lwmod
 This function is called by:
		_main
 This function uses a non-reentrant model


 *************** function ___lwmod *****************
 Defined at:
		line 5 in file "C:\Program Files (x86)\Microchip\xc8\v2.10\pic\sources\c90\common\lwmod.c"
 Parameters:    Size  Location     Type
  divisor         2    0[COMMON] unsigned int 
  dividend        2    2[COMMON] unsigned int 
 Auto vars:     Size  Location     Type
  counter         1    5[COMMON] unsigned char 
 Return value:  Size  Location     Type
                  2    0[COMMON] unsigned int 
 Registers used:
		wreg, status,2, status,0
 Tracked objects:
		On entry : 
		On exit  : 
		Unchanged: 
 Data sizes:     COMMON   BANK0   BANK1   BANK3   BANK2
      Params:         4       0       0       0       0
      Locals:         1       0       0       0       0
      Temps:          1       0       0       0       0
      Totals:         6       0       0       0       0
Total ram usage:        6 bytes
 Hardware stack levels used:    1
 This function calls:
		Nothing
 This function is called by:
		_obtener_decimal_1
		_obtener_decimal_2
 This function uses a non-reentrant model


 *************** function ___fltol *****************
 Defined at:
		line 43 in file "C:\Program Files (x86)\Microchip\xc8\v2.10\pic\sources\c90\common\fltol.c"
 Parameters:    Size  Location     Type
  f1              4   26[BANK0 ] unsigned int 
 Auto vars:     Size  Location     Type
  exp1            1   36[BANK0 ] unsigned char 
  sign1           1   35[BANK0 ] unsigned char 
 Return value:  Size  Location     Type
                  4   26[BANK0 ] long 
 Registers used:
		wreg, status,2, status,0
 Tracked objects:
		On entry : 
		On exit  : 
		Unchanged: 
 Data sizes:     COMMON   BANK0   BANK1   BANK3   BANK2
      Params:         0       4       0       0       0
      Locals:         0       2       0       0       0
      Temps:          0       5       0       0       0
      Totals:         0      11       0       0       0
Total ram usage:       11 bytes
 Hardware stack levels used:    1
 This function calls:
		Nothing
 This function is called by:
		_main
		_obtener_decimal_1
		_obtener_decimal_2
 This function uses a non-reentrant model


 *************** function ___flmul *****************
 Defined at:
		line 8 in file "C:\Program Files (x86)\Microchip\xc8\v2.10\pic\sources\c90\common\sprcmul.c"
 Parameters:    Size  Location     Type
  b               4    0[BANK0 ] long 
  a               4    4[BANK0 ] long 
 Auto vars:     Size  Location     Type
  prod            4   20[BANK0 ] struct .
  grs             4   14[BANK0 ] unsigned long 
  temp            2   24[BANK0 ] struct .
  bexp            1   19[BANK0 ] unsigned char 
  aexp            1   18[BANK0 ] unsigned char 
  sign            1   13[BANK0 ] unsigned char 
 Return value:  Size  Location     Type
                  4    0[BANK0 ] unsigned char 
 Registers used:
		wreg, status,2, status,0, btemp+1, pclath, cstack
 Tracked objects:
		On entry : 
		On exit  : 
		Unchanged: 
 Data sizes:     COMMON   BANK0   BANK1   BANK3   BANK2
      Params:         0       8       0       0       0
      Locals:         0      13       0       0       0
      Temps:          0       5       0       0       0
      Totals:         0      26       0       0       0
Total ram usage:       26 bytes
 Hardware stack levels used:    1
 Hardware stack levels required when called:    1
 This function calls:
		__Umul8_16
 This function is called by:
		_main
		_obtener_decimal_1
		_obtener_decimal_2
 This function uses a non-reentrant model


 *************** function __Umul8_16 *****************
 Defined at:
		line 4 in file "C:\Program Files (x86)\Microchip\xc8\v2.10\pic\sources\c90\common\Umul8_16.c"
 Parameters:    Size  Location     Type
  multiplier      1    wreg     unsigned char 
  multiplicand    1    0[COMMON] unsigned char 
 Auto vars:     Size  Location     Type
  multiplier      1    8[COMMON] unsigned char 
  word_mpld       2    6[COMMON] unsigned int 
  product         2    4[COMMON] unsigned int 
 Return value:  Size  Location     Type
                  2    0[COMMON] unsigned int 
 Registers used:
		wreg, status,2, status,0
 Tracked objects:
		On entry : 
		On exit  : 
		Unchanged: 
 Data sizes:     COMMON   BANK0   BANK1   BANK3   BANK2
      Params:         2       0       0       0       0
      Locals:         5       0       0       0       0
      Temps:          2       0       0       0       0
      Totals:         9       0       0       0       0
Total ram usage:        9 bytes
 Hardware stack levels used:    1
 This function calls:
		Nothing
 This function is called by:
		___flmul
 This function uses a non-reentrant model


 *************** function _obtener_decenas *****************
 Defined at:
		line 127 in file "Main_master.c"
 Parameters:    Size  Location     Type
  a               1    wreg     unsigned char 
 Auto vars:     Size  Location     Type
  a               1    5[BANK0 ] unsigned char 
  temporal        1    6[BANK0 ] unsigned char 
 Return value:  Size  Location     Type
                  1    wreg      unsigned char 
 Registers used:
		wreg, status,2, status,0, pclath, cstack
 Tracked objects:
		On entry : 
		On exit  : 
		Unchanged: 
 Data sizes:     COMMON   BANK0   BANK1   BANK3   BANK2
      Params:         0       0       0       0       0
      Locals:         0       2       0       0       0
      Temps:          0       3       0       0       0
      Totals:         0       5       0       0       0
Total ram usage:        5 bytes
 Hardware stack levels used:    1
 Hardware stack levels required when called:    1
 This function calls:
		___awdiv
		___awmod
 This function is called by:
		_main
 This function uses a non-reentrant model


 *************** function ___awmod *****************
 Defined at:
		line 5 in file "C:\Program Files (x86)\Microchip\xc8\v2.10\pic\sources\c90\common\awmod.c"
 Parameters:    Size  Location     Type
  divisor         2    9[COMMON] int 
  dividend        2   11[COMMON] int 
 Auto vars:     Size  Location     Type
  sign            1    1[BANK0 ] unsigned char 
  counter         1    0[BANK0 ] unsigned char 
 Return value:  Size  Location     Type
                  2    9[COMMON] int 
 Registers used:
		wreg, status,2, status,0
 Tracked objects:
		On entry : 
		On exit  : 
		Unchanged: 
 Data sizes:     COMMON   BANK0   BANK1   BANK3   BANK2
      Params:         4       0       0       0       0
      Locals:         0       2       0       0       0
      Temps:          1       0       0       0       0
      Totals:         5       2       0       0       0
Total ram usage:        7 bytes
 Hardware stack levels used:    1
 This function calls:
		Nothing
 This function is called by:
		_obtener_unidades
		_obtener_decenas
 This function uses a non-reentrant model


 *************** function ___awdiv *****************
 Defined at:
		line 5 in file "C:\Program Files (x86)\Microchip\xc8\v2.10\pic\sources\c90\common\awdiv.c"
 Parameters:    Size  Location     Type
  divisor         2    0[COMMON] int 
  dividend        2    2[COMMON] int 
 Auto vars:     Size  Location     Type
  quotient        2    7[COMMON] int 
  sign            1    6[COMMON] unsigned char 
  counter         1    5[COMMON] unsigned char 
 Return value:  Size  Location     Type
                  2    0[COMMON] int 
 Registers used:
		wreg, status,2, status,0
 Tracked objects:
		On entry : 
		On exit  : 
		Unchanged: 
 Data sizes:     COMMON   BANK0   BANK1   BANK3   BANK2
      Params:         4       0       0       0       0
      Locals:         4       0       0       0       0
      Temps:          1       0       0       0       0
      Totals:         9       0       0       0       0
Total ram usage:        9 bytes
 Hardware stack levels used:    1
 This function calls:
		Nothing
 This function is called by:
		_obtener_decenas
 This function uses a non-reentrant model


 *************** function _convertir_a_ascii *****************
 Defined at:
		line 146 in file "Main_master.c"
 Parameters:    Size  Location     Type
  a               1    wreg     unsigned char 
 Auto vars:     Size  Location     Type
  a               1    1[COMMON] unsigned char 
  temporal        1    2[COMMON] unsigned char 
 Return value:  Size  Location     Type
                  1    wreg      unsigned char 
 Registers used:
		wreg, status,2, status,0
 Tracked objects:
		On entry : 
		On exit  : 
		Unchanged: 
 Data sizes:     COMMON   BANK0   BANK1   BANK3   BANK2
      Params:         0       0       0       0       0
      Locals:         2       0       0       0       0
      Temps:          1       0       0       0       0
      Totals:         3       0       0       0       0
Total ram usage:        3 bytes
 Hardware stack levels used:    1
 This function calls:
		Nothing
 This function is called by:
		_main
 This function uses a non-reentrant model


 *************** function ___xxtofl *****************
 Defined at:
		line 10 in file "C:\Program Files (x86)\Microchip\xc8\v2.10\pic\sources\c90\common\xxtofl.c"
 Parameters:    Size  Location     Type
  sign            1    wreg     unsigned char 
  val             4    0[COMMON] long 
 Auto vars:     Size  Location     Type
  sign            1    8[COMMON] unsigned char 
  arg             4   10[COMMON] unsigned long 
  exp             1    9[COMMON] unsigned char 
 Return value:  Size  Location     Type
                  4    0[COMMON] unsigned char 
 Registers used:
		wreg, status,2, status,0
 Tracked objects:
		On entry : 
		On exit  : 
		Unchanged: 
 Data sizes:     COMMON   BANK0   BANK1   BANK3   BANK2
      Params:         4       0       0       0       0
      Locals:         6       0       0       0       0
      Temps:          4       0       0       0       0
      Totals:        14       0       0       0       0
Total ram usage:       14 bytes
 Hardware stack levels used:    1
 This function calls:
		Nothing
 This function is called by:
		_main
 This function uses a non-reentrant model


 *************** function _Write_I2C_Master *****************
 Defined at:
		line 61 in file "I2C.c"
 Parameters:    Size  Location     Type
  a               2    0[COMMON] unsigned int 
 Auto vars:     Size  Location     Type
		None
 Return value:  Size  Location     Type
                  1    wreg      void 
 Registers used:
		wreg, status,2, status,0, pclath, cstack
 Tracked objects:
		On entry : 
		On exit  : 
		Unchanged: 
 Data sizes:     COMMON   BANK0   BANK1   BANK3   BANK2
      Params:         2       0       0       0       0
      Locals:         0       0       0       0       0
      Temps:          0       0       0       0       0
      Totals:         2       0       0       0       0
Total ram usage:        2 bytes
 Hardware stack levels used:    1
 Hardware stack levels required when called:    1
 This function calls:
		_Wait_I2C_Master
 This function is called by:
		_main
 This function uses a non-reentrant model


 *************** function _Stop_I2C_Master *****************
 Defined at:
		line 56 in file "I2C.c"
 Parameters:    Size  Location     Type
		None
 Auto vars:     Size  Location     Type
		None
 Return value:  Size  Location     Type
                  1    wreg      void 
 Registers used:
		wreg, status,2, status,0, pclath, cstack
 Tracked objects:
		On entry : 
		On exit  : 
		Unchanged: 
 Data sizes:     COMMON   BANK0   BANK1   BANK3   BANK2
      Params:         0       0       0       0       0
      Locals:         0       0       0       0       0
      Temps:          0       0       0       0       0
      Totals:         0       0       0       0       0
Total ram usage:        0 bytes
 Hardware stack levels used:    1
 Hardware stack levels required when called:    1
 This function calls:
		_Wait_I2C_Master
 This function is called by:
		_main
 This function uses a non-reentrant model


 *************** function _Start_I2C_Master *****************
 Defined at:
		line 46 in file "I2C.c"
 Parameters:    Size  Location     Type
		None
 Auto vars:     Size  Location     Type
		None
 Return value:  Size  Location     Type
                  1    wreg      void 
 Registers used:
		wreg, status,2, status,0, pclath, cstack
 Tracked objects:
		On entry : 
		On exit  : 
		Unchanged: 
 Data sizes:     COMMON   BANK0   BANK1   BANK3   BANK2
      Params:         0       0       0       0       0
      Locals:         0       0       0       0       0
      Temps:          0       0       0       0       0
      Totals:         0       0       0       0       0
Total ram usage:        0 bytes
 Hardware stack levels used:    1
 Hardware stack levels required when called:    1
 This function calls:
		_Wait_I2C_Master
 This function is called by:
		_main
 This function uses a non-reentrant model


 *************** function _Wait_I2C_Master *****************
 Defined at:
		line 42 in file "I2C.c"
 Parameters:    Size  Location     Type
		None
 Auto vars:     Size  Location     Type
		None
 Return value:  Size  Location     Type
                  1    wreg      void 
 Registers used:
		wreg, status,2
 Tracked objects:
		On entry : 
		On exit  : 
		Unchanged: 
 Data sizes:     COMMON   BANK0   BANK1   BANK3   BANK2
      Params:         0       0       0       0       0
      Locals:         0       0       0       0       0
      Temps:          0       0       0       0       0
      Totals:         0       0       0       0       0
Total ram usage:        0 bytes
 Hardware stack levels used:    1
 This function calls:
		Nothing
 This function is called by:
		_Start_I2C_Master
		_Stop_I2C_Master
		_Write_I2C_Master
		_Restart_I2C
		_I2C_Master_Read
 This function uses a non-reentrant model


 *************** function _LCD_WRITE_STRING *****************
 Defined at:
		line 70 in file "../Digital2_LabLCD/LCD_8bits_lib.c"
 Parameters:    Size  Location     Type
  a               1    wreg     PTR unsigned char 
		 -> STR_3(2), STR_2(2), STR_1(17), 
 Auto vars:     Size  Location     Type
  a               1    5[COMMON] PTR unsigned char 
		 -> STR_3(2), STR_2(2), STR_1(17), 
  i               2    3[COMMON] int 
 Return value:  Size  Location     Type
                  1    wreg      void 
 Registers used:
		wreg, fsr0l, fsr0h, status,2, status,0, pclath, cstack
 Tracked objects:
		On entry : 
		On exit  : 
		Unchanged: 
 Data sizes:     COMMON   BANK0   BANK1   BANK3   BANK2
      Params:         0       0       0       0       0
      Locals:         3       0       0       0       0
      Temps:          0       0       0       0       0
      Totals:         3       0       0       0       0
Total ram usage:        3 bytes
 Hardware stack levels used:    1
 Hardware stack levels required when called:    1
 This function calls:
		_LCD_WRITE_CHAR
 This function is called by:
		_main
 This function uses a non-reentrant model


 *************** function _LCD_WRITE_CHAR *****************
 Defined at:
		line 61 in file "../Digital2_LabLCD/LCD_8bits_lib.c"
 Parameters:    Size  Location     Type
  a               1    wreg     unsigned char 
 Auto vars:     Size  Location     Type
  a               1    2[COMMON] unsigned char 
 Return value:  Size  Location     Type
                  1    wreg      void 
 Registers used:
		wreg
 Tracked objects:
		On entry : 
		On exit  : 
		Unchanged: 
 Data sizes:     COMMON   BANK0   BANK1   BANK3   BANK2
      Params:         0       0       0       0       0
      Locals:         1       0       0       0       0
      Temps:          2       0       0       0       0
      Totals:         3       0       0       0       0
Total ram usage:        3 bytes
 Hardware stack levels used:    1
 This function calls:
		Nothing
 This function is called by:
		_main
		_LCD_WRITE_STRING
 This function uses a non-reentrant model


 *************** function _LCD_SET_CURSOR *****************
 Defined at:
		line 29 in file "../Digital2_LabLCD/LCD_8bits_lib.c"
 Parameters:    Size  Location     Type
  a               1    wreg     unsigned char 
  b               1    3[COMMON] unsigned char 
 Auto vars:     Size  Location     Type
  a               1    5[COMMON] unsigned char 
  temporal        1    6[COMMON] unsigned char 
 Return value:  Size  Location     Type
                  1    wreg      void 
 Registers used:
		wreg, status,2, status,0, pclath, cstack
 Tracked objects:
		On entry : 
		On exit  : 
		Unchanged: 
 Data sizes:     COMMON   BANK0   BANK1   BANK3   BANK2
      Params:         1       0       0       0       0
      Locals:         2       0       0       0       0
      Temps:          1       0       0       0       0
      Totals:         4       0       0       0       0
Total ram usage:        4 bytes
 Hardware stack levels used:    1
 Hardware stack levels required when called:    1
 This function calls:
		_LCD_CMD
 This function is called by:
		_main
 This function uses a non-reentrant model


 *************** function _LCD_INIT *****************
 Defined at:
		line 41 in file "../Digital2_LabLCD/LCD_8bits_lib.c"
 Parameters:    Size  Location     Type
		None
 Auto vars:     Size  Location     Type
		None
 Return value:  Size  Location     Type
                  1    wreg      void 
 Registers used:
		wreg, status,2, status,0, pclath, cstack
 Tracked objects:
		On entry : 
		On exit  : 
		Unchanged: 
 Data sizes:     COMMON   BANK0   BANK1   BANK3   BANK2
      Params:         0       0       0       0       0
      Locals:         0       0       0       0       0
      Temps:          2       0       0       0       0
      Totals:         2       0       0       0       0
Total ram usage:        2 bytes
 Hardware stack levels used:    1
 Hardware stack levels required when called:    1
 This function calls:
		_LCD_CMD
 This function is called by:
		_main
 This function uses a non-reentrant model


 *************** function _LCD_CMD *****************
 Defined at:
		line 16 in file "../Digital2_LabLCD/LCD_8bits_lib.c"
 Parameters:    Size  Location     Type
  a               1    wreg     unsigned char 
 Auto vars:     Size  Location     Type
  a               1    2[COMMON] unsigned char 
 Return value:  Size  Location     Type
                  1    wreg      void 
 Registers used:
		wreg
 Tracked objects:
		On entry : 
		On exit  : 
		Unchanged: 
 Data sizes:     COMMON   BANK0   BANK1   BANK3   BANK2
      Params:         0       0       0       0       0
      Locals:         1       0       0       0       0
      Temps:          2       0       0       0       0
      Totals:         3       0       0       0       0
Total ram usage:        3 bytes
 Hardware stack levels used:    1
 This function calls:
		Nothing
 This function is called by:
		_LCD_SET_CURSOR
		_LCD_INIT
		_LCD_CLR
		_LCD_SHIFT_RIGHT
		_LCD_SHIFT_LEFT
 This function uses a non-reentrant model


 *************** function _Init_Port *****************
 Defined at:
		line 112 in file "Main_master.c"
 Parameters:    Size  Location     Type
		None
 Auto vars:     Size  Location     Type
		None
 Return value:  Size  Location     Type
                  1    wreg      void 
 Registers used:
		status,2
 Tracked objects:
		On entry : 
		On exit  : 
		Unchanged: 
 Data sizes:     COMMON   BANK0   BANK1   BANK3   BANK2
      Params:         0       0       0       0       0
      Locals:         0       0       0       0       0
      Temps:          0       0       0       0       0
      Totals:         0       0       0       0       0
Total ram usage:        0 bytes
 Hardware stack levels used:    1
 This function calls:
		Nothing
 This function is called by:
		_main
 This function uses a non-reentrant model


 *************** function _Init_I2C_Master *****************
 Defined at:
		line 13 in file "I2C.c"
 Parameters:    Size  Location     Type
  b               4    0[BANK0 ] const unsigned long 
 Auto vars:     Size  Location     Type
		None
 Return value:  Size  Location     Type
                  1    wreg      void 
 Registers used:
		wreg, status,2, status,0, pclath, cstack
 Tracked objects:
		On entry : 
		On exit  : 
		Unchanged: 
 Data sizes:     COMMON   BANK0   BANK1   BANK3   BANK2
      Params:         0       4       0       0       0
      Locals:         0       0       0       0       0
      Temps:          0       4       0       0       0
      Totals:         0       8       0       0       0
Total ram usage:        8 bytes
 Hardware stack levels used:    1
 Hardware stack levels required when called:    1
 This function calls:
		___lldiv
 This function is called by:
		_main
 This function uses a non-reentrant model


 *************** function ___lldiv *****************
 Defined at:
		line 5 in file "C:\Program Files (x86)\Microchip\xc8\v2.10\pic\sources\c90\common\__lldiv.c"
 Parameters:    Size  Location     Type
  divisor         4    0[COMMON] unsigned long 
  dividend        4    4[COMMON] unsigned long 
 Auto vars:     Size  Location     Type
  quotient        4    9[COMMON] unsigned long 
  counter         1   13[COMMON] unsigned char 
 Return value:  Size  Location     Type
                  4    0[COMMON] unsigned long 
 Registers used:
		wreg, status,2, status,0
 Tracked objects:
		On entry : 
		On exit  : 
		Unchanged: 
 Data sizes:     COMMON   BANK0   BANK1   BANK3   BANK2
      Params:         8       0       0       0       0
      Locals:         5       0       0       0       0
      Temps:          1       0       0       0       0
      Totals:        14       0       0       0       0
Total ram usage:       14 bytes
 Hardware stack levels used:    1
 This function calls:
		Nothing
 This function is called by:
		_Init_I2C_Master
 This function uses a non-reentrant model



MODULE INFORMATION

Module		Function		Class		Link	Load	Size
C:\Program Files (x86)\Microchip\xc8\v2.10\pic\sources\c90\common\awdiv.c
		___awdiv       		CODE           	0117	0000	104

C:\Program Files (x86)\Microchip\xc8\v2.10\pic\sources\c90\common\awdiv.c estimated size: 104

C:\Program Files (x86)\Microchip\xc8\v2.10\pic\sources\c90\common\fltol.c
		___fltol       		CODE           	017E	0000	125

C:\Program Files (x86)\Microchip\xc8\v2.10\pic\sources\c90\common\fltol.c estimated size: 125

I2C.c
		_Wait_I2C_Master		CODE           	0E1B	0000	14
		_Init_I2C_Master		CODE           	0F42	0000	61
		_Stop_I2C_Master		CODE           	0DFB	0000	10
		_Write_I2C_Master		CODE           	0E04	0000	11
		_Start_I2C_Master		CODE           	0DF2	0000	10

I2C.c estimated size: 106

Main_master.c
		_convertir_a_ascii		CODE           	0DE2	0000	9
		_obtener_unidades		CODE           	0E55	0000	28
		_main          		CODE           	02B4	0000	479
		_obtener_decenas		CODE           	0EE0	0000	41
		_obtener_decimal_1		CODE           	0F7E	0000	66
		_obtener_decimal_2		CODE           	0FBF	0000	66
		_Init_Port     		CODE           	0E0E	0000	14

Main_master.c estimated size: 703

C:\Program Files (x86)\Microchip\xc8\v2.10\pic\sources\c90\common\sprcmul.c
		___flmul       		CODE           	0492	0000	866

C:\Program Files (x86)\Microchip\xc8\v2.10\pic\sources\c90\common\sprcmul.c estimated size: 866

C:\Program Files (x86)\Microchip\xc8\v2.10\pic\sources\c90\common\Umul8_16.c
		__Umul8_16     		CODE           	0EB9	0000	40

C:\Program Files (x86)\Microchip\xc8\v2.10\pic\sources\c90\common\Umul8_16.c estimated size: 40

../Digital2_LabLCD/LCD_8bits_lib.c
		_LCD_WRITE_CHAR		CODE           	0E3E	0000	24
		_LCD_INIT      		CODE           	0003	0000	84
		_LCD_CMD       		CODE           	0E28	0000	23
		_LCD_SET_CURSOR		CODE           	0E70	0000	37
		_LCD_WRITE_STRING		CODE           	0E94	0000	38

../Digital2_LabLCD/LCD_8bits_lib.c estimated size: 206

C:\Program Files (x86)\Microchip\xc8\v2.10\pic\sources\c90\common\__lldiv.c
		___lldiv       		CODE           	00B1	0000	103

C:\Program Files (x86)\Microchip\xc8\v2.10\pic\sources\c90\common\__lldiv.c estimated size: 103

C:\Program Files (x86)\Microchip\xc8\v2.10\pic\sources\c90\common\xxtofl.c
		___xxtofl      		CODE           	01FA	0000	187

C:\Program Files (x86)\Microchip\xc8\v2.10\pic\sources\c90\common\xxtofl.c estimated size: 187

shared
		__stringtab    		STRING         	0800	0000	7
		__initialization		CODE           	07F3	0000	10

shared estimated size: 17

C:\Program Files (x86)\Microchip\xc8\v2.10\pic\sources\c90\common\lwmod.c
		___lwmod       		CODE           	0F08	0000	59

C:\Program Files (x86)\Microchip\xc8\v2.10\pic\sources\c90\common\lwmod.c estimated size: 59

C:\Program Files (x86)\Microchip\xc8\v2.10\pic\sources\c90\common\awmod.c
		___awmod       		CODE           	0056	0000	92

C:\Program Files (x86)\Microchip\xc8\v2.10\pic\sources\c90\common\awmod.c estimated size: 92

