Microchip MPLAB XC8 Compiler V2.10 ()

Linker command line:

-W-3 --edf=C:\Program Files (x86)\Microchip\xc8\v2.10\pic\dat\en_msgs.txt \
  -cs -h+dist/default/production\Lab5_Master.production.sym \
  --cmf=dist/default/production\Lab5_Master.production.cmf -z -Q16F887 \
  -oC:\Users\megaj\AppData\Local\Temp\s15s.2 --defsym=__MPLAB_BUILD=1 \
  -Mdist/default/production/Lab5_Master.production.map -E1 -ver=XC8 \
  --acfsm=1493 -ASTACK=0110h-016Fh -pstack=STACK -ACODE=00h-07FFhx4 \
  -ASTRCODE=00h-01FFFh -ASTRING=00h-0FFhx32 -ACONST=00h-0FFhx32 \
  -AENTRY=00h-0FFhx32 -ACOMMON=070h-07Fh -ABANK0=020h-06Fh \
  -ABANK1=0A0h-0EFh -ABANK2=0110h-016Fh -ABANK3=0190h-01EFh \
  -ARAM=020h-06Fh,0A0h-0EFh,0110h-016Fh,0190h-01EFh \
  -AABS1=020h-07Fh,0A0h-0EFh,0110h-016Fh,0190h-01EFh -ASFR0=00h-01Fh \
  -ASFR1=080h-09Fh -ASFR2=0100h-010Fh -ASFR3=0180h-018Fh \
  -preset_vec=00h,intentry,init,end_init -ppowerup=CODE -pcinit=CODE \
  -pfunctab=ENTRY -ACONFIG=02007h-02008h -pconfig=CONFIG -DCONFIG=2 \
  -AIDLOC=02000h-02003h -pidloc=IDLOC -DIDLOC=2 -AEEDATA=00h-0FFh/02100h \
  -peeprom_data=EEDATA -DEEDATA=2 -DCODE=2 -DSTRCODE=2 -DSTRING=2 -DCONST=2 \
  -DENTRY=2 -k C:\Users\megaj\AppData\Local\Temp\s15s.o \
  dist/default/production\Lab5_Master.production.o 

Object code version is 3.11

Machine type is 16F887



                Name                               Link     Load   Length Selector   Space Scale
C:\Users\megaj\AppData\Local\Temp\s15s.o
                end_init                              0        0        3        0       0
                config                             2007     2007        2     400E       0
dist/default/production\Lab5_Master.production.o
                cinit                               7DB      7DB       25      FB6       0
                text23                              191      191        D      322       0
                text22                              2D9      2D9       2E      5B2       0
                text21                              3F1      3F1       66      7E2       0
                text20                              307      307       3C      60E       0
                text19                              19E      19E        D      33C       0
                text18                              1AB      1AB       16      356       0
                text17                              343      343       53      686       0
                text16                              1F3      1F3       24      3E6       0
                text15                              1C1      1C1       17      382       0
                text14                              217      217       25      42E       0
                text13                              175      175        9      2EA       0
                text12                              17E      17E        9      2FC       0
                text11                              187      187        A      30E       0
                text10                              4BE      4BE       7A      97C       0
                text9                               538      538       BC      A70       0
                text8                               165      165        8      2CA       0
                text7                               457      457       67      8AE       0
                text6                               396      396       5B      72C       0
                text5                               261      261       28      4C2       0
                text4                               23C      23C       25      478       0
                text3                               289      289       28      512       0
                text2                               2B1      2B1       28      562       0
                text1                               1D8      1D8       1B      3B0       0
                maintext                            5F4      5F4      1E7      BE8       0
                cstackBANK0                          38       38        A       20       1
                cstackCOMMON                         70       70        E       70       1
                clrtext                             16D      16D        8      2DA       0
                dataBANK0                            42       42        4       20       1
                bssBANK0                             20       20       18       20       1
                strings                               3        3       1B        6       0
                idataBANK0                          161      161        4      2C2       0

TOTAL           Name                               Link     Load   Length     Space
        CLASS   STACK          

        CLASS   CODE           
                end_init                              0        0        3         0
                cinit                               7DB      7DB       25         0
                text23                              191      191        D         0
                text22                              2D9      2D9       2E         0
                text21                              3F1      3F1       66         0
                text20                              307      307       3C         0
                text19                              19E      19E        D         0
                text18                              1AB      1AB       16         0
                text17                              343      343       53         0
                text16                              1F3      1F3       24         0
                text15                              1C1      1C1       17         0
                text14                              217      217       25         0
                text13                              175      175        9         0
                text12                              17E      17E        9         0
                text11                              187      187        A         0
                text10                              4BE      4BE       7A         0
                text9                               538      538       BC         0
                text8                               165      165        8         0
                text7                               457      457       67         0
                text6                               396      396       5B         0
                text5                               261      261       28         0
                text4                               23C      23C       25         0
                text3                               289      289       28         0
                text2                               2B1      2B1       28         0
                text1                               1D8      1D8       1B         0
                maintext                            5F4      5F4      1E7         0
                clrtext                             16D      16D        8         0
                idataBANK0                          161      161        4         0

        CLASS   STRCODE        

        CLASS   STRING         
                strings                               3        3       1B         0

        CLASS   CONST          

        CLASS   ENTRY          

        CLASS   COMMON         
                cstackCOMMON                         70       70        E         1

        CLASS   BANK0          
                cstackBANK0                          38       38        A         1
                dataBANK0                            42       42        4         1
                bssBANK0                             20       20       18         1

        CLASS   BANK1          

        CLASS   BANK2          

        CLASS   BANK3          

        CLASS   RAM            

        CLASS   ABS1           
                abs_s1                               7E       7E        2         1

        CLASS   SFR0           

        CLASS   SFR1           

        CLASS   SFR2           

        CLASS   SFR3           

        CLASS   CONFIG         
                config                             2007     2007        2         0

        CLASS   IDLOC          

        CLASS   EEDATA         



SEGMENTS        Name                           Load    Length   Top    Selector   Space  Class     Delta

                reset_vec                      000000  000003  000003         0       0  CODE        2
                strings                        000003  00001B  00001E         6       0  STRING      2
                bssBANK0                       000020  000026  000046        20       1  BANK0       1
                cstackCOMMON                   000070  00000E  00007E        70       1  COMMON      1
                idataBANK0                     000161  000004  000165       2C2       0  CODE        2
                text8                          000165  000008  00016D       2CA       0  CODE        2
                clrtext                        00016D  000008  000175       2DA       0  CODE        2
                text13                         000175  000009  00017E       2EA       0  CODE        2
                text12                         00017E  000009  000187       2FC       0  CODE        2
                text11                         000187  00000A  000191       30E       0  CODE        2
                text23                         000191  00000D  00019E       322       0  CODE        2
                text19                         00019E  00000D  0001AB       33C       0  CODE        2
                text18                         0001AB  000016  0001C1       356       0  CODE        2
                text15                         0001C1  000017  0001D8       382       0  CODE        2
                text1                          0001D8  00001B  0001F3       3B0       0  CODE        2
                text16                         0001F3  000024  000217       3E6       0  CODE        2
                text14                         000217  000025  00023C       42E       0  CODE        2
                text4                          00023C  000025  000261       478       0  CODE        2
                text5                          000261  000028  000289       4C2       0  CODE        2
                text3                          000289  000028  0002B1       512       0  CODE        2
                text2                          0002B1  000028  0002D9       562       0  CODE        2
                text22                         0002D9  00002E  000307       5B2       0  CODE        2
                text20                         000307  00003C  000343       60E       0  CODE        2
                text17                         000343  000053  000396       686       0  CODE        2
                text6                          000396  00005B  0003F1       72C       0  CODE        2
                text21                         0003F1  000066  000457       7E2       0  CODE        2
                text7                          000457  000067  0004BE       8AE       0  CODE        2
                text10                         0004BE  00007A  000538       97C       0  CODE        2
                text9                          000538  0000BC  0005F4       A70       0  CODE        2
                maintext                       0005F4  0001E7  0007DB       BE8       0  CODE        2
                cinit                          0007DB  000025  000800       FB6       0  CODE        2
                config                         002007  000002  002009      400E       0  CONFIG      2


UNUSED ADDRESS RANGES

        Name                Unused          Largest block    Delta
        BANK0            0046-006F             2A           1
        BANK1            00A0-00EF             50           1
        BANK2            0110-016F             60           1
        BANK3            0190-01EF             60           1
        CODE             001E-0160            143           2
                         0800-1FFF            800
        CONST            001E-0160             E2           2
                         0800-1FFF            100
        EEDATA           2100-21FF            100           2
        ENTRY            001E-0160             E2           2
                         0800-1FFF            100
        IDLOC            2000-2003              4           2
        RAM              0046-006F             2A           1
                         00A0-00EF             50
                         0110-016F             60
                         0190-01EF             60
        SFR0             0000-001F             20           1
        SFR1             0080-009F             20           1
        SFR2             0100-010F             10           1
        SFR3             0180-018F             10           1
        STACK            0110-016F             60           1
        STRCODE          001E-0160            143           2
                         0800-1FFF           1800
        STRING           001E-0160             E2           2
                         0800-1FFF            100

                                  Symbol Table

?_I2C_Master_Read           cstackCOMMON 0070
?___awdiv                   cstackCOMMON 0070
?___awmod                   cstackCOMMON 0079
?___fltol                   cstackCOMMON 0070
?___lldiv                   cstackCOMMON 0070
?___wmul                    cstackCOMMON 0070
?___xxtofl                  cstackCOMMON 0076
I2C_Master_Read@a           cstackCOMMON 0070
I2C_Master_Read@temporal    cstackCOMMON 0074
Init_I2C_Master@b           cstackBANK0  0038
LCD_CMD@a                   cstackCOMMON 0072
LCD_SET_CURSOR@a            cstackCOMMON 0075
LCD_SET_CURSOR@b            cstackCOMMON 0073
LCD_SET_CURSOR@temporal     cstackCOMMON 0076
LCD_WRITE_CHAR@a            cstackCOMMON 0072
LCD_WRITE_STRING@a          cstackCOMMON 0075
LCD_WRITE_STRING@i          cstackCOMMON 0073
Write_I2C_Master@a          cstackCOMMON 0070
_ANSEL                      (abs)        0188
_ANSELH                     (abs)        0189
_I2C_Master_Read            text22       02D9
_INTCONbits                 (abs)        000B
_Init_I2C_Master            text20       0307
_Init_Port                  text19       019E
_LCD_CMD                    text18       01AB
_LCD_INIT                   text17       0343
_LCD_SET_CURSOR             text16       01F3
_LCD_WRITE_CHAR             text15       01C1
_LCD_WRITE_STRING           text14       0217
_PIE1bits                   (abs)        008C
_PIR1bits                   (abs)        000C
_PORTB                      (abs)        0006
_PORTD                      (abs)        0008
_PORTDbits                  (abs)        0008
_SSPADD                     (abs)        0093
_SSPBUF                     (abs)        0013
_SSPCON                     (abs)        0014
_SSPCON2                    (abs)        0091
_SSPCON2bits                (abs)        0091
_SSPCONbits                 (abs)        0014
_SSPSTAT                    (abs)        0094
_Start_I2C_Master           text13       0175
_Stop_I2C_Master            text12       017E
_TRISB                      (abs)        0086
_TRISCbits                  (abs)        0087
_TRISD                      (abs)        0088
_Wait_I2C_Master            text23       0191
_Write_I2C_Master           text11       0187
__CFG_BOR4V$BOR40V          (abs)        0000
__CFG_BOREN$OFF             (abs)        0000
__CFG_CP$OFF                (abs)        0000
__CFG_CPD$OFF               (abs)        0000
__CFG_FCMEN$OFF             (abs)        0000
__CFG_FOSC$INTRC_NOCLKOUT   (abs)        0000
__CFG_IESO$OFF              (abs)        0000
__CFG_LVP$OFF               (abs)        0000
__CFG_MCLRE$OFF             (abs)        0000
__CFG_PWRTE$OFF             (abs)        0000
__CFG_WDTE$OFF              (abs)        0000
__CFG_WRT$OFF               (abs)        0000
__Habs1                     abs1         0000
__Hbank0                    bank0        0000
__Hbank1                    bank1        0000
__Hbank2                    bank2        0000
__Hbank3                    bank3        0000
__HbssBANK0                 bssBANK0     0000
__Hcinit                    cinit        0800
__Hclrtext                  clrtext      0000
__Hcode                     code         0000
__Hcommon                   common       0000
__Hconfig                   config       2009
__HcstackBANK0              cstackBANK0  0000
__HcstackCOMMON             cstackCOMMON 0000
__HdataBANK0                dataBANK0    0000
__Heeprom_data              eeprom_data  0000
__Hend_init                 end_init     0003
__Hfunctab                  functab      0000
__HidataBANK0               idataBANK0   0000
__Hidloc                    idloc        0000
__Hinit                     init         0000
__Hintentry                 intentry     0000
__Hmaintext                 maintext     0000
__Hpowerup                  powerup      0000
__Hram                      ram          0000
__Hreset_vec                reset_vec    0000
__Hsfr0                     sfr0         0000
__Hsfr1                     sfr1         0000
__Hsfr2                     sfr2         0000
__Hsfr3                     sfr3         0000
__Hspace_0                  (abs)        2009
__Hspace_1                  (abs)        007E
__Hspace_2                  (abs)        0000
__Hspace_3                  (abs)        0000
__Hstack                    stack        0000
__Hstrings                  strings      0000
__Htext                     text         0000
__Labs1                     abs1         0000
__Lbank0                    bank0        0000
__Lbank1                    bank1        0000
__Lbank2                    bank2        0000
__Lbank3                    bank3        0000
__LbssBANK0                 bssBANK0     0000
__Lcinit                    cinit        07DB
__Lclrtext                  clrtext      0000
__Lcode                     code         0000
__Lcommon                   common       0000
__Lconfig                   config       2007
__LcstackBANK0              cstackBANK0  0000
__LcstackCOMMON             cstackCOMMON 0000
__LdataBANK0                dataBANK0    0000
__Leeprom_data              eeprom_data  0000
__Lend_init                 end_init     0000
__Lfunctab                  functab      0000
__LidataBANK0               idataBANK0   0000
__Lidloc                    idloc        0000
__Linit                     init         0000
__Lintentry                 intentry     0000
__Lmaintext                 maintext     0000
__Lpowerup                  powerup      0000
__Lram                      ram          0000
__Lreset_vec                reset_vec    0000
__Lsfr0                     sfr0         0000
__Lsfr1                     sfr1         0000
__Lsfr2                     sfr2         0000
__Lsfr3                     sfr3         0000
__Lspace_0                  (abs)        0000
__Lspace_1                  (abs)        0000
__Lspace_2                  (abs)        0000
__Lspace_3                  (abs)        0000
__Lstack                    stack        0000
__Lstrings                  strings      0000
__Ltext                     text         0000
__S0                        (abs)        2009
__S1                        (abs)        007E
__S2                        (abs)        0000
__S3                        (abs)        0000
___awdiv                    text7        0457
___awdiv@counter            cstackCOMMON 0075
___awdiv@dividend           cstackCOMMON 0072
___awdiv@divisor            cstackCOMMON 0070
___awdiv@quotient           cstackCOMMON 0077
___awdiv@sign               cstackCOMMON 0076
___awmod                    text6        0396
___awmod@counter            cstackBANK0  0038
___awmod@dividend           cstackCOMMON 007B
___awmod@divisor            cstackCOMMON 0079
___awmod@sign               cstackBANK0  0039
___fltol                    text10       04BE
___fltol@exp1               cstackCOMMON 007A
___fltol@f1                 cstackCOMMON 0070
___fltol@sign1              cstackCOMMON 0079
___int_sp                   stack        0000
___latbits                  (abs)        0002
___lldiv                    text21       03F1
___lldiv@counter            cstackCOMMON 007D
___lldiv@dividend           cstackCOMMON 0074
___lldiv@divisor            cstackCOMMON 0070
___lldiv@quotient           cstackCOMMON 0079
___sp                       stack        0000
___stackhi                  (abs)        0000
___stacklo                  (abs)        0000
___wmul                     text4        023C
___wmul@multiplicand        cstackCOMMON 0072
___wmul@multiplier          cstackCOMMON 0070
___wmul@product             cstackCOMMON 0074
___xxtofl                   text9        0538
___xxtofl@arg               cstackBANK0  003A
___xxtofl@exp               cstackBANK0  0039
___xxtofl@sign              cstackBANK0  0038
___xxtofl@val               cstackCOMMON 0076
__end_of_I2C_Master_Read    text22       0307
__end_of_Init_I2C_Master    text20       0343
__end_of_Init_Port          text19       01AB
__end_of_LCD_CMD            text18       01C1
__end_of_LCD_INIT           text17       0396
__end_of_LCD_SET_CURSOR     text16       0217
__end_of_LCD_WRITE_CHAR     text15       01D8
__end_of_LCD_WRITE_STRING   text14       023C
__end_of_Start_I2C_Master   text13       017E
__end_of_Stop_I2C_Master    text12       0187
__end_of_Wait_I2C_Master    text23       019E
__end_of_Write_I2C_Master   text11       0191
__end_of___awdiv            text7        04BE
__end_of___awmod            text6        03F1
__end_of___fltol            text10       0538
__end_of___lldiv            text21       0457
__end_of___wmul             text4        0261
__end_of___xxtofl           text9        05F4
__end_of__initialization    cinit        07FC
__end_of__stringtab         strings      0009
__end_of_convertir_a_ascii  text8        016D
__end_of_main               maintext     07DB
__end_of_obtener_decenas    text5        0289
__end_of_obtener_decimal_1  text3        02B1
__end_of_obtener_decimal_2  text2        02D9
__end_of_obtener_unidades   text1        01F3
__initialization            cinit        07DB
__pbssBANK0                 bssBANK0     0020
__pcstackBANK0              cstackBANK0  0038
__pcstackCOMMON             cstackCOMMON 0070
__pdataBANK0                dataBANK0    0042
__pidataBANK0               idataBANK0   0161
__pmaintext                 maintext     05F4
__pstrings                  strings      0003
__ptext1                    text1        01D8
__ptext10                   text10       04BE
__ptext11                   text11       0187
__ptext12                   text12       017E
__ptext13                   text13       0175
__ptext14                   text14       0217
__ptext15                   text15       01C1
__ptext16                   text16       01F3
__ptext17                   text17       0343
__ptext18                   text18       01AB
__ptext19                   text19       019E
__ptext2                    text2        02B1
__ptext20                   text20       0307
__ptext21                   text21       03F1
__ptext22                   text22       02D9
__ptext23                   text23       0191
__ptext3                    text3        0289
__ptext4                    text4        023C
__ptext5                    text5        0261
__ptext6                    text6        0396
__ptext7                    text7        0457
__ptext8                    text8        0165
__ptext9                    text9        0538
__size_of_I2C_Master_Read   (abs)        0000
__size_of_Init_I2C_Master   (abs)        0000
__size_of_Init_Port         (abs)        0000
__size_of_LCD_CMD           (abs)        0000
__size_of_LCD_INIT          (abs)        0000
__size_of_LCD_SET_CURSOR    (abs)        0000
__size_of_LCD_WRITE_CHAR    (abs)        0000
__size_of_LCD_WRITE_STRING  (abs)        0000
__size_of_Start_I2C_Master  (abs)        0000
__size_of_Stop_I2C_Master   (abs)        0000
__size_of_Wait_I2C_Master   (abs)        0000
__size_of_Write_I2C_Master  (abs)        0000
__size_of___awdiv           (abs)        0000
__size_of___awmod           (abs)        0000
__size_of___fltol           (abs)        0000
__size_of___lldiv           (abs)        0000
__size_of___wmul            (abs)        0000
__size_of___xxtofl          (abs)        0000
__size_of_convertir_a_ascii (abs)        0000
__size_of_main              (abs)        0000
__size_of_obtener_decenas   (abs)        0000
__size_of_obtener_decimal_1 (abs)        0000
__size_of_obtener_decimal_2 (abs)        0000
__size_of_obtener_unidades  (abs)        0000
__stringbase                strings      0008
__stringtab                 strings      0003
_charcont1                  bssBANK0     0025
_charcont2                  bssBANK0     0024
_charfoto1                  bssBANK0     002B
_charfoto2                  bssBANK0     0029
_charfoto3                  bssBANK0     0027
_charpot1                   bssBANK0     002A
_charpot2                   bssBANK0     0028
_charpot3                   bssBANK0     0026
_cont                       bssBANK0     0034
_convertir_a_ascii          text8        0165
_dececont                   bssBANK0     002C
_deci1foto                  bssBANK0     002F
_deci1pot                   bssBANK0     0032
_deci2foto                  bssBANK0     002E
_deci2pot                   bssBANK0     0031
_foto                       bssBANK0     0035
_fotof                      bssBANK0     0020
_main                       maintext     05F4
_obtener_decenas            text5        0261
_obtener_decimal_1          text3        0289
_obtener_decimal_2          text2        02B1
_obtener_unidades           text1        01D8
_pot                        bssBANK0     0036
_unicont                    bssBANK0     002D
_unifoto                    bssBANK0     0030
_unipot                     bssBANK0     0033
btemp                       (abs)        007E
clear_ram0                  clrtext      016D
convertir_a_ascii@a         cstackCOMMON 0071
convertir_a_ascii@temporal  cstackCOMMON 0072
end_of_initialization       cinit        07FC
intlevel0                   functab      0000
intlevel1                   functab      0000
intlevel2                   functab      0000
intlevel3                   functab      0000
intlevel4                   functab      0000
intlevel5                   functab      0000
obtener_decenas@a           cstackBANK0  003D
obtener_decenas@temporal    cstackBANK0  003E
obtener_decimal_1@a         cstackBANK0  003D
obtener_decimal_1@temporal  cstackBANK0  003E
obtener_decimal_2@a         cstackBANK0  003D
obtener_decimal_2@temporal  cstackBANK0  003E
obtener_unidades@a          cstackBANK0  003D
obtener_unidades@temporal   cstackBANK0  003E
reset_vec                   reset_vec    0000
start                       init         0000
start_initialization        cinit        07DB
wtemp0                      (abs)        007E


FUNCTION INFORMATION:

 *************** function _main *****************
 Defined at:
		line 47 in file "Main_master.c"
 Parameters:    Size  Location     Type
		None
 Auto vars:     Size  Location     Type
		None
 Return value:  Size  Location     Type
                  1    wreg      void 
 Registers used:
		wreg, fsr0l, fsr0h, status,2, status,0, pclath, cstack
 Tracked objects:
		On entry : 
		On exit  : 
		Unchanged: 
 Data sizes:     COMMON   BANK0   BANK1   BANK3   BANK2
      Params:         0       0       0       0       0
      Locals:         0       0       0       0       0
      Temps:          0       2       0       0       0
      Totals:         0       2       0       0       0
Total ram usage:        2 bytes
 Hardware stack levels required when called:    2
 This function calls:
		_I2C_Master_Read
		_Init_I2C_Master
		_Init_Port
		_LCD_INIT
		_LCD_SET_CURSOR
		_LCD_WRITE_CHAR
		_LCD_WRITE_STRING
		_Start_I2C_Master
		_Stop_I2C_Master
		_Write_I2C_Master
		___fltol
		___wmul
		___xxtofl
		_convertir_a_ascii
		_obtener_decenas
		_obtener_decimal_1
		_obtener_decimal_2
		_obtener_unidades
 This function is called by:
		Startup code after reset
 This function uses a non-reentrant model


 *************** function _obtener_unidades *****************
 Defined at:
		line 116 in file "Main_master.c"
 Parameters:    Size  Location     Type
  a               1    wreg     unsigned char 
 Auto vars:     Size  Location     Type
  a               1    5[BANK0 ] unsigned char 
  temporal        1    6[BANK0 ] unsigned char 
 Return value:  Size  Location     Type
                  1    wreg      unsigned char 
 Registers used:
		wreg, status,2, status,0, pclath, cstack
 Tracked objects:
		On entry : 
		On exit  : 
		Unchanged: 
 Data sizes:     COMMON   BANK0   BANK1   BANK3   BANK2
      Params:         0       0       0       0       0
      Locals:         0       2       0       0       0
      Temps:          0       3       0       0       0
      Totals:         0       5       0       0       0
Total ram usage:        5 bytes
 Hardware stack levels used:    1
 Hardware stack levels required when called:    1
 This function calls:
		___awmod
 This function is called by:
		_main
 This function uses a non-reentrant model


 *************** function _obtener_decimal_2 *****************
 Defined at:
		line 132 in file "Main_master.c"
 Parameters:    Size  Location     Type
  a               1    wreg     unsigned char 
 Auto vars:     Size  Location     Type
  a               1    5[BANK0 ] unsigned char 
  temporal        1    6[BANK0 ] unsigned char 
 Return value:  Size  Location     Type
                  1    wreg      unsigned char 
 Registers used:
		wreg, status,2, status,0, pclath, cstack
 Tracked objects:
		On entry : 
		On exit  : 
		Unchanged: 
 Data sizes:     COMMON   BANK0   BANK1   BANK3   BANK2
      Params:         0       0       0       0       0
      Locals:         0       2       0       0       0
      Temps:          0       3       0       0       0
      Totals:         0       5       0       0       0
Total ram usage:        5 bytes
 Hardware stack levels used:    1
 Hardware stack levels required when called:    1
 This function calls:
		___awmod
		___wmul
 This function is called by:
		_main
 This function uses a non-reentrant model


 *************** function _obtener_decimal_1 *****************
 Defined at:
		line 127 in file "Main_master.c"
 Parameters:    Size  Location     Type
  a               1    wreg     unsigned char 
 Auto vars:     Size  Location     Type
  a               1    5[BANK0 ] unsigned char 
  temporal        1    6[BANK0 ] unsigned char 
 Return value:  Size  Location     Type
                  1    wreg      unsigned char 
 Registers used:
		wreg, status,2, status,0, pclath, cstack
 Tracked objects:
		On entry : 
		On exit  : 
		Unchanged: 
 Data sizes:     COMMON   BANK0   BANK1   BANK3   BANK2
      Params:         0       0       0       0       0
      Locals:         0       2       0       0       0
      Temps:          0       3       0       0       0
      Totals:         0       5       0       0       0
Total ram usage:        5 bytes
 Hardware stack levels used:    1
 Hardware stack levels required when called:    1
 This function calls:
		___awmod
		___wmul
 This function is called by:
		_main
 This function uses a non-reentrant model


 *************** function ___wmul *****************
 Defined at:
		line 15 in file "C:\Program Files (x86)\Microchip\xc8\v2.10\pic\sources\c90\common\Umul16.c"
 Parameters:    Size  Location     Type
  multiplier      2    0[COMMON] unsigned int 
  multiplicand    2    2[COMMON] unsigned int 
 Auto vars:     Size  Location     Type
  product         2    4[COMMON] unsigned int 
 Return value:  Size  Location     Type
                  2    0[COMMON] unsigned int 
 Registers used:
		wreg, status,2, status,0
 Tracked objects:
		On entry : 
		On exit  : 
		Unchanged: 
 Data sizes:     COMMON   BANK0   BANK1   BANK3   BANK2
      Params:         4       0       0       0       0
      Locals:         2       0       0       0       0
      Temps:          0       0       0       0       0
      Totals:         6       0       0       0       0
Total ram usage:        6 bytes
 Hardware stack levels used:    1
 This function calls:
		Nothing
 This function is called by:
		_main
		_obtener_decimal_1
		_obtener_decimal_2
 This function uses a non-reentrant model


 *************** function _obtener_decenas *****************
 Defined at:
		line 121 in file "Main_master.c"
 Parameters:    Size  Location     Type
  a               1    wreg     unsigned char 
 Auto vars:     Size  Location     Type
  a               1    5[BANK0 ] unsigned char 
  temporal        1    6[BANK0 ] unsigned char 
 Return value:  Size  Location     Type
                  1    wreg      unsigned char 
 Registers used:
		wreg, status,2, status,0, pclath, cstack
 Tracked objects:
		On entry : 
		On exit  : 
		Unchanged: 
 Data sizes:     COMMON   BANK0   BANK1   BANK3   BANK2
      Params:         0       0       0       0       0
      Locals:         0       2       0       0       0
      Temps:          0       3       0       0       0
      Totals:         0       5       0       0       0
Total ram usage:        5 bytes
 Hardware stack levels used:    1
 Hardware stack levels required when called:    1
 This function calls:
		___awdiv
		___awmod
 This function is called by:
		_main
 This function uses a non-reentrant model


 *************** function ___awmod *****************
 Defined at:
		line 5 in file "C:\Program Files (x86)\Microchip\xc8\v2.10\pic\sources\c90\common\awmod.c"
 Parameters:    Size  Location     Type
  divisor         2    9[COMMON] int 
  dividend        2   11[COMMON] int 
 Auto vars:     Size  Location     Type
  sign            1    1[BANK0 ] unsigned char 
  counter         1    0[BANK0 ] unsigned char 
 Return value:  Size  Location     Type
                  2    9[COMMON] int 
 Registers used:
		wreg, status,2, status,0
 Tracked objects:
		On entry : 
		On exit  : 
		Unchanged: 
 Data sizes:     COMMON   BANK0   BANK1   BANK3   BANK2
      Params:         4       0       0       0       0
      Locals:         0       2       0       0       0
      Temps:          1       0       0       0       0
      Totals:         5       2       0       0       0
Total ram usage:        7 bytes
 Hardware stack levels used:    1
 This function calls:
		Nothing
 This function is called by:
		_obtener_unidades
		_obtener_decenas
		_obtener_decimal_1
		_obtener_decimal_2
 This function uses a non-reentrant model


 *************** function ___awdiv *****************
 Defined at:
		line 5 in file "C:\Program Files (x86)\Microchip\xc8\v2.10\pic\sources\c90\common\awdiv.c"
 Parameters:    Size  Location     Type
  divisor         2    0[COMMON] int 
  dividend        2    2[COMMON] int 
 Auto vars:     Size  Location     Type
  quotient        2    7[COMMON] int 
  sign            1    6[COMMON] unsigned char 
  counter         1    5[COMMON] unsigned char 
 Return value:  Size  Location     Type
                  2    0[COMMON] int 
 Registers used:
		wreg, status,2, status,0
 Tracked objects:
		On entry : 
		On exit  : 
		Unchanged: 
 Data sizes:     COMMON   BANK0   BANK1   BANK3   BANK2
      Params:         4       0       0       0       0
      Locals:         4       0       0       0       0
      Temps:          1       0       0       0       0
      Totals:         9       0       0       0       0
Total ram usage:        9 bytes
 Hardware stack levels used:    1
 This function calls:
		Nothing
 This function is called by:
		_obtener_decenas
 This function uses a non-reentrant model


 *************** function _convertir_a_ascii *****************
 Defined at:
		line 138 in file "Main_master.c"
 Parameters:    Size  Location     Type
  a               1    wreg     unsigned char 
 Auto vars:     Size  Location     Type
  a               1    1[COMMON] unsigned char 
  temporal        1    2[COMMON] unsigned char 
 Return value:  Size  Location     Type
                  1    wreg      unsigned char 
 Registers used:
		wreg, status,2, status,0
 Tracked objects:
		On entry : 
		On exit  : 
		Unchanged: 
 Data sizes:     COMMON   BANK0   BANK1   BANK3   BANK2
      Params:         0       0       0       0       0
      Locals:         2       0       0       0       0
      Temps:          1       0       0       0       0
      Totals:         3       0       0       0       0
Total ram usage:        3 bytes
 Hardware stack levels used:    1
 This function calls:
		Nothing
 This function is called by:
		_main
 This function uses a non-reentrant model


 *************** function ___xxtofl *****************
 Defined at:
		line 10 in file "C:\Program Files (x86)\Microchip\xc8\v2.10\pic\sources\c90\common\xxtofl.c"
 Parameters:    Size  Location     Type
  sign            1    wreg     unsigned char 
  val             4    6[COMMON] long 
 Auto vars:     Size  Location     Type
  sign            1    0[BANK0 ] unsigned char 
  arg             4    2[BANK0 ] unsigned long 
  exp             1    1[BANK0 ] unsigned char 
 Return value:  Size  Location     Type
                  4    6[COMMON] unsigned char 
 Registers used:
		wreg, status,2, status,0
 Tracked objects:
		On entry : 
		On exit  : 
		Unchanged: 
 Data sizes:     COMMON   BANK0   BANK1   BANK3   BANK2
      Params:         4       0       0       0       0
      Locals:         0       6       0       0       0
      Temps:          4       0       0       0       0
      Totals:         8       6       0       0       0
Total ram usage:       14 bytes
 Hardware stack levels used:    1
 This function calls:
		Nothing
 This function is called by:
		_main
 This function uses a non-reentrant model


 *************** function ___fltol *****************
 Defined at:
		line 43 in file "C:\Program Files (x86)\Microchip\xc8\v2.10\pic\sources\c90\common\fltol.c"
 Parameters:    Size  Location     Type
  f1              4    0[COMMON] unsigned char 
 Auto vars:     Size  Location     Type
  exp1            1   10[COMMON] unsigned char 
  sign1           1    9[COMMON] unsigned char 
 Return value:  Size  Location     Type
                  4    0[COMMON] long 
 Registers used:
		wreg, status,2, status,0
 Tracked objects:
		On entry : 
		On exit  : 
		Unchanged: 
 Data sizes:     COMMON   BANK0   BANK1   BANK3   BANK2
      Params:         4       0       0       0       0
      Locals:         2       0       0       0       0
      Temps:          5       0       0       0       0
      Totals:        11       0       0       0       0
Total ram usage:       11 bytes
 Hardware stack levels used:    1
 This function calls:
		Nothing
 This function is called by:
		_main
 This function uses a non-reentrant model


 *************** function _Write_I2C_Master *****************
 Defined at:
		line 61 in file "I2C.c"
 Parameters:    Size  Location     Type
  a               2    0[COMMON] unsigned int 
 Auto vars:     Size  Location     Type
		None
 Return value:  Size  Location     Type
                  1    wreg      void 
 Registers used:
		wreg, status,2, status,0, pclath, cstack
 Tracked objects:
		On entry : 
		On exit  : 
		Unchanged: 
 Data sizes:     COMMON   BANK0   BANK1   BANK3   BANK2
      Params:         2       0       0       0       0
      Locals:         0       0       0       0       0
      Temps:          0       0       0       0       0
      Totals:         2       0       0       0       0
Total ram usage:        2 bytes
 Hardware stack levels used:    1
 Hardware stack levels required when called:    1
 This function calls:
		_Wait_I2C_Master
 This function is called by:
		_main
 This function uses a non-reentrant model


 *************** function _Stop_I2C_Master *****************
 Defined at:
		line 56 in file "I2C.c"
 Parameters:    Size  Location     Type
		None
 Auto vars:     Size  Location     Type
		None
 Return value:  Size  Location     Type
                  1    wreg      void 
 Registers used:
		wreg, status,2, status,0, pclath, cstack
 Tracked objects:
		On entry : 
		On exit  : 
		Unchanged: 
 Data sizes:     COMMON   BANK0   BANK1   BANK3   BANK2
      Params:         0       0       0       0       0
      Locals:         0       0       0       0       0
      Temps:          0       0       0       0       0
      Totals:         0       0       0       0       0
Total ram usage:        0 bytes
 Hardware stack levels used:    1
 Hardware stack levels required when called:    1
 This function calls:
		_Wait_I2C_Master
 This function is called by:
		_main
 This function uses a non-reentrant model


 *************** function _Start_I2C_Master *****************
 Defined at:
		line 46 in file "I2C.c"
 Parameters:    Size  Location     Type
		None
 Auto vars:     Size  Location     Type
		None
 Return value:  Size  Location     Type
                  1    wreg      void 
 Registers used:
		wreg, status,2, status,0, pclath, cstack
 Tracked objects:
		On entry : 
		On exit  : 
		Unchanged: 
 Data sizes:     COMMON   BANK0   BANK1   BANK3   BANK2
      Params:         0       0       0       0       0
      Locals:         0       0       0       0       0
      Temps:          0       0       0       0       0
      Totals:         0       0       0       0       0
Total ram usage:        0 bytes
 Hardware stack levels used:    1
 Hardware stack levels required when called:    1
 This function calls:
		_Wait_I2C_Master
 This function is called by:
		_main
 This function uses a non-reentrant model


 *************** function _LCD_WRITE_STRING *****************
 Defined at:
		line 70 in file "../Digital2_LabLCD/LCD_8bits_lib.c"
 Parameters:    Size  Location     Type
  a               1    wreg     PTR unsigned char 
		 -> STR_3(2), STR_2(2), STR_1(17), 
 Auto vars:     Size  Location     Type
  a               1    5[COMMON] PTR unsigned char 
		 -> STR_3(2), STR_2(2), STR_1(17), 
  i               2    3[COMMON] int 
 Return value:  Size  Location     Type
                  1    wreg      void 
 Registers used:
		wreg, fsr0l, fsr0h, status,2, status,0, pclath, cstack
 Tracked objects:
		On entry : 
		On exit  : 
		Unchanged: 
 Data sizes:     COMMON   BANK0   BANK1   BANK3   BANK2
      Params:         0       0       0       0       0
      Locals:         3       0       0       0       0
      Temps:          0       0       0       0       0
      Totals:         3       0       0       0       0
Total ram usage:        3 bytes
 Hardware stack levels used:    1
 Hardware stack levels required when called:    1
 This function calls:
		_LCD_WRITE_CHAR
 This function is called by:
		_main
 This function uses a non-reentrant model


 *************** function _LCD_WRITE_CHAR *****************
 Defined at:
		line 61 in file "../Digital2_LabLCD/LCD_8bits_lib.c"
 Parameters:    Size  Location     Type
  a               1    wreg     unsigned char 
 Auto vars:     Size  Location     Type
  a               1    2[COMMON] unsigned char 
 Return value:  Size  Location     Type
                  1    wreg      void 
 Registers used:
		wreg
 Tracked objects:
		On entry : 
		On exit  : 
		Unchanged: 
 Data sizes:     COMMON   BANK0   BANK1   BANK3   BANK2
      Params:         0       0       0       0       0
      Locals:         1       0       0       0       0
      Temps:          2       0       0       0       0
      Totals:         3       0       0       0       0
Total ram usage:        3 bytes
 Hardware stack levels used:    1
 This function calls:
		Nothing
 This function is called by:
		_main
		_LCD_WRITE_STRING
 This function uses a non-reentrant model


 *************** function _LCD_SET_CURSOR *****************
 Defined at:
		line 29 in file "../Digital2_LabLCD/LCD_8bits_lib.c"
 Parameters:    Size  Location     Type
  a               1    wreg     unsigned char 
  b               1    3[COMMON] unsigned char 
 Auto vars:     Size  Location     Type
  a               1    5[COMMON] unsigned char 
  temporal        1    6[COMMON] unsigned char 
 Return value:  Size  Location     Type
                  1    wreg      void 
 Registers used:
		wreg, status,2, status,0, pclath, cstack
 Tracked objects:
		On entry : 
		On exit  : 
		Unchanged: 
 Data sizes:     COMMON   BANK0   BANK1   BANK3   BANK2
      Params:         1       0       0       0       0
      Locals:         2       0       0       0       0
      Temps:          1       0       0       0       0
      Totals:         4       0       0       0       0
Total ram usage:        4 bytes
 Hardware stack levels used:    1
 Hardware stack levels required when called:    1
 This function calls:
		_LCD_CMD
 This function is called by:
		_main
 This function uses a non-reentrant model


 *************** function _LCD_INIT *****************
 Defined at:
		line 41 in file "../Digital2_LabLCD/LCD_8bits_lib.c"
 Parameters:    Size  Location     Type
		None
 Auto vars:     Size  Location     Type
		None
 Return value:  Size  Location     Type
                  1    wreg      void 
 Registers used:
		wreg, status,2, status,0, pclath, cstack
 Tracked objects:
		On entry : 
		On exit  : 
		Unchanged: 
 Data sizes:     COMMON   BANK0   BANK1   BANK3   BANK2
      Params:         0       0       0       0       0
      Locals:         0       0       0       0       0
      Temps:          2       0       0       0       0
      Totals:         2       0       0       0       0
Total ram usage:        2 bytes
 Hardware stack levels used:    1
 Hardware stack levels required when called:    1
 This function calls:
		_LCD_CMD
 This function is called by:
		_main
 This function uses a non-reentrant model


 *************** function _LCD_CMD *****************
 Defined at:
		line 16 in file "../Digital2_LabLCD/LCD_8bits_lib.c"
 Parameters:    Size  Location     Type
  a               1    wreg     unsigned char 
 Auto vars:     Size  Location     Type
  a               1    2[COMMON] unsigned char 
 Return value:  Size  Location     Type
                  1    wreg      void 
 Registers used:
		wreg
 Tracked objects:
		On entry : 
		On exit  : 
		Unchanged: 
 Data sizes:     COMMON   BANK0   BANK1   BANK3   BANK2
      Params:         0       0       0       0       0
      Locals:         1       0       0       0       0
      Temps:          2       0       0       0       0
      Totals:         3       0       0       0       0
Total ram usage:        3 bytes
 Hardware stack levels used:    1
 This function calls:
		Nothing
 This function is called by:
		_LCD_SET_CURSOR
		_LCD_INIT
		_LCD_CLR
		_LCD_SHIFT_RIGHT
		_LCD_SHIFT_LEFT
 This function uses a non-reentrant model


 *************** function _Init_Port *****************
 Defined at:
		line 106 in file "Main_master.c"
 Parameters:    Size  Location     Type
		None
 Auto vars:     Size  Location     Type
		None
 Return value:  Size  Location     Type
                  1    wreg      void 
 Registers used:
		status,2
 Tracked objects:
		On entry : 
		On exit  : 
		Unchanged: 
 Data sizes:     COMMON   BANK0   BANK1   BANK3   BANK2
      Params:         0       0       0       0       0
      Locals:         0       0       0       0       0
      Temps:          0       0       0       0       0
      Totals:         0       0       0       0       0
Total ram usage:        0 bytes
 Hardware stack levels used:    1
 This function calls:
		Nothing
 This function is called by:
		_main
 This function uses a non-reentrant model


 *************** function _Init_I2C_Master *****************
 Defined at:
		line 13 in file "I2C.c"
 Parameters:    Size  Location     Type
  b               4    0[BANK0 ] const unsigned long 
 Auto vars:     Size  Location     Type
		None
 Return value:  Size  Location     Type
                  1    wreg      void 
 Registers used:
		wreg, status,2, status,0, pclath, cstack
 Tracked objects:
		On entry : 
		On exit  : 
		Unchanged: 
 Data sizes:     COMMON   BANK0   BANK1   BANK3   BANK2
      Params:         0       4       0       0       0
      Locals:         0       0       0       0       0
      Temps:          0       4       0       0       0
      Totals:         0       8       0       0       0
Total ram usage:        8 bytes
 Hardware stack levels used:    1
 Hardware stack levels required when called:    1
 This function calls:
		___lldiv
 This function is called by:
		_main
 This function uses a non-reentrant model


 *************** function ___lldiv *****************
 Defined at:
		line 5 in file "C:\Program Files (x86)\Microchip\xc8\v2.10\pic\sources\c90\common\__lldiv.c"
 Parameters:    Size  Location     Type
  divisor         4    0[COMMON] unsigned long 
  dividend        4    4[COMMON] unsigned long 
 Auto vars:     Size  Location     Type
  quotient        4    9[COMMON] unsigned long 
  counter         1   13[COMMON] unsigned char 
 Return value:  Size  Location     Type
                  4    0[COMMON] unsigned long 
 Registers used:
		wreg, status,2, status,0
 Tracked objects:
		On entry : 
		On exit  : 
		Unchanged: 
 Data sizes:     COMMON   BANK0   BANK1   BANK3   BANK2
      Params:         8       0       0       0       0
      Locals:         5       0       0       0       0
      Temps:          1       0       0       0       0
      Totals:        14       0       0       0       0
Total ram usage:       14 bytes
 Hardware stack levels used:    1
 This function calls:
		Nothing
 This function is called by:
		_Init_I2C_Master
 This function uses a non-reentrant model


 *************** function _I2C_Master_Read *****************
 Defined at:
		line 66 in file "I2C.c"
 Parameters:    Size  Location     Type
  a               2    0[COMMON] unsigned short 
 Auto vars:     Size  Location     Type
  temporal        2    4[COMMON] unsigned short 
 Return value:  Size  Location     Type
                  2    0[COMMON] unsigned short 
 Registers used:
		wreg, status,2, status,0, pclath, cstack
 Tracked objects:
		On entry : 
		On exit  : 
		Unchanged: 
 Data sizes:     COMMON   BANK0   BANK1   BANK3   BANK2
      Params:         2       0       0       0       0
      Locals:         2       0       0       0       0
      Temps:          2       0       0       0       0
      Totals:         6       0       0       0       0
Total ram usage:        6 bytes
 Hardware stack levels used:    1
 Hardware stack levels required when called:    1
 This function calls:
		_Wait_I2C_Master
 This function is called by:
		_main
 This function uses a non-reentrant model


 *************** function _Wait_I2C_Master *****************
 Defined at:
		line 42 in file "I2C.c"
 Parameters:    Size  Location     Type
		None
 Auto vars:     Size  Location     Type
		None
 Return value:  Size  Location     Type
                  1    wreg      void 
 Registers used:
		wreg, status,2
 Tracked objects:
		On entry : 
		On exit  : 
		Unchanged: 
 Data sizes:     COMMON   BANK0   BANK1   BANK3   BANK2
      Params:         0       0       0       0       0
      Locals:         0       0       0       0       0
      Temps:          0       0       0       0       0
      Totals:         0       0       0       0       0
Total ram usage:        0 bytes
 Hardware stack levels used:    1
 This function calls:
		Nothing
 This function is called by:
		_Start_I2C_Master
		_Stop_I2C_Master
		_Write_I2C_Master
		_I2C_Master_Read
		_Restart_I2C
 This function uses a non-reentrant model



MODULE INFORMATION

Module		Function		Class		Link	Load	Size
C:\Program Files (x86)\Microchip\xc8\v2.10\pic\sources\c90\common\awdiv.c
		___awdiv       		CODE           	0457	0000	104

C:\Program Files (x86)\Microchip\xc8\v2.10\pic\sources\c90\common\awdiv.c estimated size: 104

C:\Program Files (x86)\Microchip\xc8\v2.10\pic\sources\c90\common\fltol.c
		___fltol       		CODE           	04BE	0000	123

C:\Program Files (x86)\Microchip\xc8\v2.10\pic\sources\c90\common\fltol.c estimated size: 123

C:\Program Files (x86)\Microchip\xc8\v2.10\pic\sources\c90\common\Umul16.c
		___wmul        		CODE           	023C	0000	38

C:\Program Files (x86)\Microchip\xc8\v2.10\pic\sources\c90\common\Umul16.c estimated size: 38

I2C.c
		_Wait_I2C_Master		CODE           	0191	0000	14
		_Init_I2C_Master		CODE           	0307	0000	61
		_I2C_Master_Read		CODE           	02D9	0000	47
		_Stop_I2C_Master		CODE           	017E	0000	10
		_Write_I2C_Master		CODE           	0187	0000	11
		_Start_I2C_Master		CODE           	0175	0000	10

I2C.c estimated size: 153

Main_master.c
		_convertir_a_ascii		CODE           	0165	0000	9
		_obtener_unidades		CODE           	01D8	0000	28
		_main          		CODE           	05F4	0000	488
		_obtener_decenas		CODE           	0261	0000	41
		_obtener_decimal_1		CODE           	0289	0000	41
		_obtener_decimal_2		CODE           	02B1	0000	41
		_Init_Port     		CODE           	019E	0000	14

Main_master.c estimated size: 662

../Digital2_LabLCD/LCD_8bits_lib.c
		_LCD_WRITE_CHAR		CODE           	01C1	0000	24
		_LCD_INIT      		CODE           	0343	0000	84
		_LCD_CMD       		CODE           	01AB	0000	23
		_LCD_SET_CURSOR		CODE           	01F3	0000	37
		_LCD_WRITE_STRING		CODE           	0217	0000	38

../Digital2_LabLCD/LCD_8bits_lib.c estimated size: 206

C:\Program Files (x86)\Microchip\xc8\v2.10\pic\sources\c90\common\__lldiv.c
		___lldiv       		CODE           	03F1	0000	103

C:\Program Files (x86)\Microchip\xc8\v2.10\pic\sources\c90\common\__lldiv.c estimated size: 103

C:\Program Files (x86)\Microchip\xc8\v2.10\pic\sources\c90\common\xxtofl.c
		___xxtofl      		CODE           	0538	0000	189

C:\Program Files (x86)\Microchip\xc8\v2.10\pic\sources\c90\common\xxtofl.c estimated size: 189

shared
		__stringtab    		STRING         	0003	0000	7
		__initialization		CODE           	07DB	0000	34

shared estimated size: 41

C:\Program Files (x86)\Microchip\xc8\v2.10\pic\sources\c90\common\awmod.c
		___awmod       		CODE           	0396	0000	92

C:\Program Files (x86)\Microchip\xc8\v2.10\pic\sources\c90\common\awmod.c estimated size: 92

